 cubesat2_sfun

 Timestamp is 53ff58be (Thu Aug 28 09:28:46 2014)

 Preferred load address is 0000000180000000

 Start         Length     Name                   Class
 0001:00000000 0003e4b4H .text                   CODE
 0001:0003e4c0 00000092H .text$x                 CODE
 0002:00000000 00000478H .idata$5                DATA
 0002:00000478 00000008H .CRT$XCA                DATA
 0002:00000480 00000008H .CRT$XCZ                DATA
 0002:00000488 00000008H .CRT$XIA                DATA
 0002:00000490 00000008H .CRT$XIAA               DATA
 0002:00000498 00000008H .CRT$XIZ                DATA
 0002:000004a0 00004b5cH .rdata                  DATA
 0002:00005000 00000008H .rtc$IAA                DATA
 0002:00005008 00000008H .rtc$IZZ                DATA
 0002:00005010 00000008H .rtc$TAA                DATA
 0002:00005018 00000008H .rtc$TZZ                DATA
 0002:00005020 000041fcH .xdata                  DATA
 0002:0000921c 000000a0H .idata$2                DATA
 0002:000092bc 00000014H .idata$3                DATA
 0002:000092d0 00000478H .idata$4                DATA
 0002:00009748 00000a60H .idata$6                DATA
 0002:0000a1b0 00000053H .edata                  DATA
 0003:00000000 00003638H .data                   DATA
 0003:00003640 000026b8H .bss                    DATA
 0004:00000000 0000345cH .pdata                  DATA

  Address         Publics by Value              Rva+Base               Lib:Object

 0000:00000000       ___safe_se_handler_table   0000000000000000     <absolute>
 0000:00000000       ___safe_se_handler_count   0000000000000000     <absolute>
 0000:00000000       __ImageBase                0000000180000000     <linker-defined>
 0001:00000000       sf_c1_cubesat2_get_eml_resolved_functions_info 0000000180001000 f   c1_cubesat2.obj
 0001:00000080       sf_c1_cubesat2_get_check_sum 0000000180001080 f   c1_cubesat2.obj
 0001:00000100       sf_c1_cubesat2_get_autoinheritance_info 0000000180001100 f   c1_cubesat2.obj
 0001:000007c0       sf_internal_get_sim_state_c1_cubesat2 00000001800017c0 f   c1_cubesat2.obj
 0001:00000ca0       sf_internal_set_sim_state_c1_cubesat2 0000000180001ca0 f   c1_cubesat2.obj
 0001:00001130       c1_cubesat2_method_dispatcher 0000000180002130 f   c1_cubesat2.obj
 0001:00002e50       sf_c2_cubesat2_get_eml_resolved_functions_info 0000000180003e50 f   c2_cubesat2.obj
 0001:000038a0       sf_c2_cubesat2_get_check_sum 00000001800048a0 f   c2_cubesat2.obj
 0001:00003920       sf_c2_cubesat2_get_autoinheritance_info 0000000180004920 f   c2_cubesat2.obj
 0001:00003d40       sf_internal_get_sim_state_c2_cubesat2 0000000180004d40 f   c2_cubesat2.obj
 0001:00004090       sf_internal_set_sim_state_c2_cubesat2 0000000180005090 f   c2_cubesat2.obj
 0001:00004480       c2_cubesat2_method_dispatcher 0000000180005480 f   c2_cubesat2.obj
 0001:00006270       sf_c3_cubesat2_get_eml_resolved_functions_info 0000000180007270 f   c3_cubesat2.obj
 0001:000062f0       sf_c3_cubesat2_get_check_sum 00000001800072f0 f   c3_cubesat2.obj
 0001:00006370       sf_c3_cubesat2_get_autoinheritance_info 0000000180007370 f   c3_cubesat2.obj
 0001:00006790       sf_internal_get_sim_state_c3_cubesat2 0000000180007790 f   c3_cubesat2.obj
 0001:00006b40       sf_internal_set_sim_state_c3_cubesat2 0000000180007b40 f   c3_cubesat2.obj
 0001:00006fe0       c3_cubesat2_method_dispatcher 0000000180007fe0 f   c3_cubesat2.obj
 0001:00008d50       sf_c4_cubesat2_get_eml_resolved_functions_info 0000000180009d50 f   c4_cubesat2.obj
 0001:00009590       sf_c4_cubesat2_get_check_sum 000000018000a590 f   c4_cubesat2.obj
 0001:00009610       sf_c4_cubesat2_get_autoinheritance_info 000000018000a610 f   c4_cubesat2.obj
 0001:00009a30       sf_internal_get_sim_state_c4_cubesat2 000000018000aa30 f   c4_cubesat2.obj
 0001:00009df0       sf_internal_set_sim_state_c4_cubesat2 000000018000adf0 f   c4_cubesat2.obj
 0001:0000a2b0       c4_cubesat2_method_dispatcher 000000018000b2b0 f   c4_cubesat2.obj
 0001:0000c140       sf_process_check_sum_call  000000018000d140 f   cubesat2_sfun_registry.obj
 0001:0000c190       sf_process_autoinheritance_call 000000018000d190 f   cubesat2_sfun_registry.obj
 0001:0000c330       sf_process_get_eml_resolved_functions_info_call 000000018000d330 f   cubesat2_sfun_registry.obj
 0001:0000c4b0       sf_mex_unlock_call         000000018000d4b0 f   cubesat2_sfun_registry.obj
 0001:0000c560       sf_machine_global_initializer_called 000000018000d560 f   cubesat2_sfun_registry.obj
 0001:0000c590       sf_machine_global_method_dispatcher 000000018000d590 f   cubesat2_sfun_registry.obj
 0001:0000c5f0       sf_machine_global_terminator 000000018000d5f0 f   cubesat2_sfun_registry.obj
 0001:0000c630       sf_register_machine_exported_symbols 000000018000d630 f   cubesat2_sfun_registry.obj
 0001:0000c650       callCustomFcn              000000018000d650 f   cubesat2_sfun_registry.obj
 0001:0000c660       sf_machine_global_initializer 000000018000d660 f   cubesat2_sfun_registry.obj
 0001:0000c6d0       _ssSetStateAbsTol          000000018000d6d0 f   cubesat2_sfun_registry.obj
 0001:0000c7b0       _ssGetAbsTol               000000018000d7b0 f   cubesat2_sfun_registry.obj
 0001:0000c820       _ssSetInputPortMatrixDimensions 000000018000d820 f   cubesat2_sfun_registry.obj
 0001:0000c930       _ssSetOutputPortMatrixDimensions 000000018000d930 f   cubesat2_sfun_registry.obj
 0001:0000ca40       _ssSetInputPortVectorDimension 000000018000da40 f   cubesat2_sfun_registry.obj
 0001:0000cb10       _ssSetOutputPortVectorDimension 000000018000db10 f   cubesat2_sfun_registry.obj
 0001:0000cbe0       ssIsRunTimeParamTunable    000000018000dbe0 f   cubesat2_sfun_registry.obj
 0001:0000cc50       ssGetSFuncBlockHandle      000000018000dc50 f   cubesat2_sfun_registry.obj
 0001:0000ccc0       _ssGetCurrentInputPortWidth 000000018000dcc0 f   cubesat2_sfun_registry.obj
 0001:0000cde0       _ssGetCurrentOutputPortWidth 000000018000dde0 f   cubesat2_sfun_registry.obj
 0001:0000cf00       _ssGetCallSystemNumFcnCallDestinations 000000018000df00 f   cubesat2_sfun_registry.obj
 0001:0000cf70       ssWarning                  000000018000df70 f   cubesat2_sfun_registry.obj
 0001:0000d080       ssGetIsZeroCrossControlDisabled 000000018000e080 f   cubesat2_sfun_registry.obj
 0001:0000d0f0       ssSetIsInputPortUsedForContZcSignal 000000018000e0f0 f   cubesat2_sfun_registry.obj
 0001:0000d160       ssSetZcSignalIsZcElementDisc 000000018000e160 f   cubesat2_sfun_registry.obj
 0001:0000d210       ssSetZcSignalName          000000018000e210 f   cubesat2_sfun_registry.obj
 0001:0000d280       ssSetZcSignalWidth         000000018000e280 f   cubesat2_sfun_registry.obj
 0001:0000d2f0       ssSetZcSignalZcEventType   000000018000e2f0 f   cubesat2_sfun_registry.obj
 0001:0000d360       ssSetZcSignalType          000000018000e360 f   cubesat2_sfun_registry.obj
 0001:0000d3d0       ssSetZcSignalZcTol         000000018000e3d0 f   cubesat2_sfun_registry.obj
 0001:0000d440       ssSetZcSignalNeedsEventNotification 000000018000e440 f   cubesat2_sfun_registry.obj
 0001:0000d4b0       ssCreateAndAddZcSignalInfo 000000018000e4b0 f   cubesat2_sfun_registry.obj
 0001:0000d520       ssCloneAndAddZcSignalInfo  000000018000e520 f   cubesat2_sfun_registry.obj
 0001:0000d590       ssGetNumZcSignals          000000018000e590 f   cubesat2_sfun_registry.obj
 0001:0000d600       ssGetZcSignalVector        000000018000e600 f   cubesat2_sfun_registry.obj
 0001:0000d670       ssGetZcSignalZcEvents      000000018000e670 f   cubesat2_sfun_registry.obj
 0001:0000d6e0       ssGetZcSignalName          000000018000e6e0 f   cubesat2_sfun_registry.obj
 0001:0000d750       ssGetZcSignalWidth         000000018000e750 f   cubesat2_sfun_registry.obj
 0001:0000d7c0       ssGetZcSignalZcEventType   000000018000e7c0 f   cubesat2_sfun_registry.obj
 0001:0000d830       ssGetZcSignalType          000000018000e830 f   cubesat2_sfun_registry.obj
 0001:0000d8a0       ssGetZcSignalZcTol         000000018000e8a0 f   cubesat2_sfun_registry.obj
 0001:0000d920       ssGetZcSignalNeedsEventNotification 000000018000e920 f   cubesat2_sfun_registry.obj
 0001:0000d990       ssGetZcSignalIsZcElementDisc 000000018000e990 f   cubesat2_sfun_registry.obj
 0001:0000da30       ssGetIsInputPortElementContinuous 000000018000ea30 f   cubesat2_sfun_registry.obj
 0001:0000dad0       _ssGetInputPortSignalPtrsFcn 000000018000ead0 f   cubesat2_sfun_registry.obj
 0001:0000dd90       _ssGetInputPortSignalFcn   000000018000ed90 f   cubesat2_sfun_registry.obj
 0001:0000dfb0       _ssSetInputPortDirectFeedThroughFcn 000000018000efb0 f   cubesat2_sfun_registry.obj
 0001:0000e110       _ssSetInputPortReusableFcn 000000018000f110 f   cubesat2_sfun_registry.obj
 0001:0000e200       _ssSetOutputPortReusableFcn 000000018000f200 f   cubesat2_sfun_registry.obj
 0001:0000e2e0       ssGetDTypeIdFromMxArray    000000018000f2e0 f   cubesat2_sfun_registry.obj
 0001:0000e400       ssWriteRTWStr              000000018000f400 f   cubesat2_sfun_registry.obj
 0001:0000e460       ssWriteRTWMxVectParam      000000018000f460 f   cubesat2_sfun_registry.obj
 0001:0000e4c0       ssWriteRTWMx2dMatParam     000000018000f4c0 f   cubesat2_sfun_registry.obj
 0001:0000e540       ssWriteRTWNameValuePair    000000018000f540 f   cubesat2_sfun_registry.obj
 0001:0000ea30       ssWriteRTWParameters       000000018000fa30 f   cubesat2_sfun_registry.obj
 0001:0000f030       ssWriteRTWParamSettings    0000000180010030 f   cubesat2_sfun_registry.obj
 0001:0000f700       ssWriteRTWWorkVect         0000000180010700 f   cubesat2_sfun_registry.obj
 0001:0000fc00       mexFunction                0000000180010c00 f   cubesat2_sfun_registry.obj
 0001:00011840       ProcessMexSfunctionEveryCall 0000000180012840 f   cubesat2_sfun_registry.obj
 0001:000119b0       cubesat2_initializer       00000001800129b0 f   cubesat2_sfun.obj
 0001:000119c0       cubesat2_terminator        00000001800129c0 f   cubesat2_sfun.obj
 0001:000119d0       sf_cubesat2_method_dispatcher 00000001800129d0 f   cubesat2_sfun.obj
 0001:00011a80       sf_cubesat2_process_check_sum_call 0000000180012a80 f   cubesat2_sfun.obj
 0001:00011ed0       sf_cubesat2_autoinheritance_info 0000000180012ed0 f   cubesat2_sfun.obj
 0001:00012130       sf_cubesat2_get_eml_resolved_functions_info 0000000180013130 f   cubesat2_sfun.obj
 0001:00012320       cubesat2_debug_initialize  0000000180013320 f   cubesat2_sfun.obj
 0001:00012390       cubesat2_register_exported_symbols 0000000180013390 f   cubesat2_sfun.obj
 0001:000123a0       load_cubesat2_optimization_info 00000001800133a0 f   cubesat2_sfun.obj
 0001:000123f0       unload_cubesat2_optimization_info 00000001800133f0 f   cubesat2_sfun.obj
 0001:000124c0       sf_mex_mx_is_numeric       00000001800134c0 f   sfc_mex:sfc_mex.obj
 0001:00012500       strcmp_ignore_ws           0000000180013500 f   sfc_mex:sfc_mex.obj
 0001:00012640       sf_mex_duplicatearraysafe  0000000180013640 f   sfc_mex:sfc_mex.obj
 0001:000127a0       sf_set_error_debugger_context_message_fcn 00000001800137a0 f   sfc_mex:sfc_mex.obj
 0001:000127b0       sf_set_debugger_matlab_error_fcn 00000001800137b0 f   sfc_mex:sfc_mex.obj
 0001:000127e0       sf_set_error_prefix_string 00000001800137e0 f   sfc_mex:sfc_mex.obj
 0001:00012810       sf_get_error_prefix_string 0000000180013810 f   sfc_mex:sfc_mex.obj
 0001:00012820       sf_mex_enter_parallel_region 0000000180013820 f   sfc_mex:sfc_mex.obj
 0001:00012830       sf_mex_exit_parallel_region 0000000180013830 f   sfc_mex:sfc_mex.obj
 0001:00012840       sf_get_current_jmp_buf_ptr 0000000180013840 f   sfc_mex:sfc_mex.obj
 0001:00012850       sf_set_current_jmp_buf_ptr 0000000180013850 f   sfc_mex:sfc_mex.obj
 0001:00012860       sf_mex_set_halt_simulation 0000000180013860 f   sfc_mex:sfc_mex.obj
 0001:00012870       sf_mex_get_halt_simulation 0000000180013870 f   sfc_mex:sfc_mex.obj
 0001:00012880       sf_mex_clear_error_message 0000000180013880 f   sfc_mex:sfc_mex.obj
 0001:000128a0       sf_mex_get_error_message_for_read 00000001800138a0 f   sfc_mex:sfc_mex.obj
 0001:000128b0       sf_mex_get_error_message_buffer_length 00000001800138b0 f   sfc_mex:sfc_mex.obj
 0001:00012990       sf_mex_warning_message     0000000180013990 f   sfc_mex:sfc_mex.obj
 0001:00012a00       sf_mex_v_errbuf_createf    0000000180013a00 f   sfc_mex:sfc_mex.obj
 0001:00012a10       sf_mex_errbuf_createf      0000000180013a10 f   sfc_mex:sfc_mex.obj
 0001:00012a40       sf_mex_v_errbuf_catf       0000000180013a40 f   sfc_mex:sfc_mex.obj
 0001:00012a80       sf_mex_errbuf_catf         0000000180013a80 f   sfc_mex:sfc_mex.obj
 0001:00012ad0       sf_mex_errbuf_copy         0000000180013ad0 f   sfc_mex:sfc_mex.obj
 0001:00012ae0       sf_mex_errbuf_clear        0000000180013ae0 f   sfc_mex:sfc_mex.obj
 0001:00012af0       sf_mex_errbuf_isempty      0000000180013af0 f   sfc_mex:sfc_mex.obj
 0001:00012c00       sf_mex_set_error_status    0000000180013c00 f   sfc_mex:sfc_mex.obj
 0001:00012c50       sf_mex_error_direct_call   0000000180013c50 f   sfc_mex:sfc_mex.obj
 0001:00012c70       sf_mex_error_message_no_long_jump 0000000180013c70 f   sfc_mex:sfc_mex.obj
 0001:00012c90       sf_mex_long_jump_on_error  0000000180013c90 f   sfc_mex:sfc_mex.obj
 0001:00012cc0       sf_mex_call_matlab         0000000180013cc0 f   sfc_mex:sfc_mex.obj
 0001:00012de0       sf_mex_check_builtin       0000000180013de0 f   sfc_mex:sfc_mex.obj
 0001:00012e20       sf_mex_check_builtin_vs    0000000180013e20 f   sfc_mex:sfc_mex.obj
 0001:00012e80       sf_mex_check_enum          0000000180013e80 f   sfc_mex:sfc_mex.obj
 0001:00012eb0       sf_mex_create_enum         0000000180013eb0 f   sfc_mex:sfc_mex.obj
 0001:00012ed0       sf_mex_get_enum_element    0000000180013ed0 f   sfc_mex:sfc_mex.obj
 0001:00012ee0       sf_mex_createcellarray     0000000180013ee0 f   sfc_mex:sfc_mex.obj
 0001:00012ef0       sf_mex_setcell             0000000180013ef0 f   sfc_mex:sfc_mex.obj
 0001:00012f00       sf_mex_getcell             0000000180013f00 f   sfc_mex:sfc_mex.obj
 0001:00012f10       sf_mex_dup                 0000000180013f10 f   sfc_mex:sfc_mex.obj
 0001:00012f30       sf_mex_assign              0000000180013f30 f   sfc_mex:sfc_mex.obj
 0001:00012fb0       sf_mex_destroy             0000000180013fb0 f   sfc_mex:sfc_mex.obj
 0001:00012fe0       mx_array_has_fi_type       0000000180013fe0 f   sfc_mex:sfc_mex.obj
 0001:00013010       sf_mex_convert_from_fi     0000000180014010 f   sfc_mex:sfc_mex.obj
 0001:000130c0       sf_mex_convert_to_double   00000001800140c0 f   sfc_mex:sfc_mex.obj
 0001:000131e0       sf_mex_import_fi_vs        00000001800141e0 f   sfc_mex:sfc_mex.obj
 0001:000133a0       sf_matrix_matrix_index_ok  00000001800143a0 f   sfc_mex:sfc_mex.obj
 0001:00013430       sf_vector_vector_index_ok  0000000180014430 f   sfc_mex:sfc_mex.obj
 0001:00013460       ssGetCurrentInputPortDimensions_wrapper 0000000180014460 f   sfc_mex:sfc_mex.obj
 0001:00013480       ssGetCurrentOutputPortDimensions_wrapper 0000000180014480 f   sfc_mex:sfc_mex.obj
 0001:000134a0       sf_mex_emlrt_context_is_debug_mode 00000001800144a0 f   sfc_mex:sfc_mex.obj
 0001:000134b0       sf_mex_emlrt_context_set_debug_mode 00000001800144b0 f   sfc_mex:sfc_mex.obj
 0001:000134c0       sf_mex_emlrtNameCapturePostProcessR2012a 00000001800144c0 f   sfc_mex:sfc_mex.obj
 0001:00013530       sf_clear_error_manager_info 0000000180014530 f   sfc_mex:sfc_mex.obj
 0001:00013590       sf_mex_stop_simulation_abruptly_wo_error 0000000180014590 f   sfc_mex:sfc_mex.obj
 0001:000135d0       sf_mex_error_message       00000001800145d0 f   sfc_mex:sfc_mex.obj
 0001:00013630       sf_react_to_error_in_matlab_call 0000000180014630 f   sfc_mex:sfc_mex.obj
 0001:00013660       sf_mex_addfield            0000000180014660 f   sfc_mex:sfc_mex.obj
 0001:00013700       sf_mex_getfield            0000000180014700 f   sfc_mex:sfc_mex.obj
 0001:00013a00       sf_mex_check_class         0000000180014a00 f   sfc_mex:sfc_mex.obj
 0001:00013aa0       sf_mex_is_real             0000000180014aa0 f   sfc_mex:sfc_mex.obj
 0001:00013f10       sf_mex_decode_encoded_mx_struct_array 0000000180014f10 f   sfc_mex:sfc_mex.obj
 0001:000141f0       sf_mex_lw_bounds_check     00000001800151f0 f   sfc_mex:sfc_mex.obj
 0001:00014220       sf_mex_lw_size_eq_check_1d 0000000180015220 f   sfc_mex:sfc_mex.obj
 0001:00014240       sf_mex_lw_size_eq_check_nd 0000000180015240 f   sfc_mex:sfc_mex.obj
 0001:00014420       sf_mex_lw_dim_size_eq_check 0000000180015420 f   sfc_mex:sfc_mex.obj
 0001:00014450       sf_mex_lw_dim_size_geq_check 0000000180015450 f   sfc_mex:sfc_mex.obj
 0001:00014480       sf_mex_lw_sub_assign_size_check_nd 0000000180015480 f   sfc_mex:sfc_mex.obj
 0001:000146b0       sf_mex_lw_runtime_error_msgid 00000001800156b0 f   sfc_mex:sfc_mex.obj
 0001:000147a0       sf_mex_lw_matrix_matrix_index_check 00000001800157a0 f   sfc_mex:sfc_mex.obj
 0001:000147c0       sf_mex_lw_vector_vector_index_check 00000001800157c0 f   sfc_mex:sfc_mex.obj
 0001:00014800       sf_mex_lw_for_loop_vector_check 0000000180015800 f   sfc_mex:sfc_mex.obj
 0001:00014880       sf_mex_lw_non_negative_check 0000000180015880 f   sfc_mex:sfc_mex.obj
 0001:000148c0       sf_mex_overflow_error      00000001800158c0 f   sfc_mex:sfc_mex.obj
 0001:000148d0       sf_mex_dividebyzero_error  00000001800158d0 f   sfc_mex:sfc_mex.obj
 0001:000148e0       sf_mex_unsafe_enum_error   00000001800158e0 f   sfc_mex:sfc_mex.obj
 0001:000148f0       sf_emlrtErrHandler         00000001800158f0 f   sfc_mex:sfc_mex.obj
 0001:000149d0       sf_mex_size_one_check      00000001800159d0 f   sfc_mex:sfc_mex.obj
 0001:000149f0       sf_mex_printf              00000001800159f0 f   sfc_mex:sfc_mex.obj
 0001:00014bc0       sf_mex_check_size          0000000180015bc0 f   sfc_mex:sfc_mex.obj
 0001:00014e90       sf_mex_check_struct        0000000180015e90 f   sfc_mex:sfc_mex.obj
 0001:000150f0       sf_mex_check_struct_vs     00000001800160f0 f   sfc_mex:sfc_mex.obj
 0001:00015180       sf_mex_check_fi            0000000180016180 f   sfc_mex:sfc_mex.obj
 0001:00015280       sf_mex_check_fi_vs         0000000180016280 f   sfc_mex:sfc_mex.obj
 0001:00015320       sf_echo_expression         0000000180016320 f   sfc_mex:sfc_mex.obj
 0001:00015380       sf_assertion_failed        0000000180016380 f   sfc_mex:sfc_mex.obj
 0001:00015660       sf_mex_evalin              0000000180016660 f   sfc_mex:sfc_mex.obj
 0001:000158d0       sf_mex_export              00000001800168d0 f   sfc_mex:sfc_mex.obj
 0001:00015990       sf_mex_get_ml_var_no_error 0000000180016990 f   sfc_mex:sfc_mex.obj
 0001:00015b30       sf_mex_get_ml_var          0000000180016b30 f   sfc_mex:sfc_mex.obj
 0001:00015fd0       ml_set_element_value_in_array 0000000180016fd0 f   sfc_mex:sfc_mex.obj
 0001:000176a0       sf_mex_call_impl           00000001800186a0 f   sfc_mex:sfc_mex.obj
 0001:00017bd0       sf_mex_call_debug          0000000180018bd0 f   sfc_mex:sfc_mex.obj
 0001:00017c00       sf_mex_call                0000000180018c00 f   sfc_mex:sfc_mex.obj
 0001:00018250       sf_mex_createstruct        0000000180019250 f   sfc_mex:sfc_mex.obj
 0001:00018340       sf_mex_createstructarray   0000000180019340 f   sfc_mex:sfc_mex.obj
 0001:000183c0       sf_mex_get_mx_datatype_from_sf_datatype 00000001800193c0 f   sfc_mex:sfc_mex.obj
 0001:000186d0       sf_mex_ml_var_sub          00000001800196d0 f   sfc_mex:sfc_mex.obj
 0001:000188a0       sf_mex_ml_var_subsasgn     00000001800198a0 f   sfc_mex:sfc_mex.obj
 0001:00018c90       sf_mex_sub                 0000000180019c90 f   sfc_mex:sfc_mex.obj
 0001:00018e90       sf_mex_subsasgn            0000000180019e90 f   sfc_mex:sfc_mex.obj
 0001:00019370       sf_mex_create              000000018001a370 f   sfc_mex:sfc_mex.obj
 0001:00019dc0       sf_mex_import_named        000000018001adc0 f   sfc_mex:sfc_mex.obj
 0001:00019e20       sf_mex_import              000000018001ae20 f   sfc_mex:sfc_mex.obj
 0001:00019e70       sf_mex_import_vs           000000018001ae70 f   sfc_mex:sfc_mex.obj
 0001:00019f80       sf_mex_lower_fixpt_mx_array 000000018001af80 f   sfc_mex:sfc_mex.obj
 0001:0001a270       sf_send_message_wrapper    000000018001b270 f   sfc_mex:sfc_sf.obj
 0001:0001a2a0       sf_receive_message_wrapper 000000018001b2a0 f   sfc_mex:sfc_sf.obj
 0001:0001a2e0       sf_check_out_message_wrapper 000000018001b2e0 f   sfc_mex:sfc_sf.obj
 0001:0001a320       sf_check_in_message_wrapper 000000018001b320 f   sfc_mex:sfc_sf.obj
 0001:0001a360       sf_no_message_wrapper      000000018001b360 f   sfc_mex:sfc_sf.obj
 0001:0001a6f0       sim_mode_is_rtw_gen        000000018001b6f0 f   sfc_mex:sfc_sf.obj
 0001:0001a720       sim_mode_is_external       000000018001b720 f   sfc_mex:sfc_sf.obj
 0001:0001a730       sim_mode_is_modelref_sim   000000018001b730 f   sfc_mex:sfc_sf.obj
 0001:0001a750       mdlInitializeSizes         000000018001b750 f   sfc_mex:sfc_sf.obj
 0001:0001a770       mdlInitializeSampleTimes   000000018001b770 f   sfc_mex:sfc_sf.obj
 0001:0001a7b0       mdlZeroCrossings           000000018001b7b0 f   sfc_mex:sfc_sf.obj
 0001:0001a890       mdlDerivatives             000000018001b890 f   sfc_mex:sfc_sf.obj
 0001:0001a940       mdl_initialize_conditions_processing 000000018001b940 f   sfc_mex:sfc_sf.obj
 0001:0001a970       mdlInitializeConditions    000000018001b970 f   sfc_mex:sfc_sf.obj
 0001:0001aa30       mdlGetSimState             000000018001ba30 f   sfc_mex:sfc_sf.obj
 0001:0001aa40       mdlSetSimState             000000018001ba40 f   sfc_mex:sfc_sf.obj
 0001:0001aa50       mdl_ext_mode_exec_processing 000000018001ba50 f   sfc_mex:sfc_sf.obj
 0001:0001aa70       mdlExtModeExec             000000018001ba70 f   sfc_mex:sfc_sf.obj
 0001:0001ac00       mdlTerminate               000000018001bc00 f   sfc_mex:sfc_sf.obj
 0001:0001ac70       mdlRTW                     000000018001bc70 f   sfc_mex:sfc_sf.obj
 0001:0001aca0       mdlSetWorkWidths           000000018001bca0 f   sfc_mex:sfc_sf.obj
 0001:0001acb0       mdlProcessParameters       000000018001bcb0 f   sfc_mex:sfc_sf.obj
 0001:0001acc0       mdl_start_processing       000000018001bcc0 f   sfc_mex:sfc_sf.obj
 0001:0001ad00       mdlStart                   000000018001bd00 f   sfc_mex:sfc_sf.obj
 0001:0001adf0       mdlEnable                  000000018001bdf0 f   sfc_mex:sfc_sf.obj
 0001:0001aec0       mdlDisable                 000000018001bec0 f   sfc_mex:sfc_sf.obj
 0001:0001af70       sf_get_chart_instance_ptr  000000018001bf70 f   sfc_mex:sfc_sf.obj
 0001:0001af90       sf_load_rtw_optimization_info 000000018001bf90 f   sfc_mex:sfc_sf.obj
 0001:0001b060       sf_rtw_info_uint_prop      000000018001c060 f   sfc_mex:sfc_sf.obj
 0001:0001b1a0       sf_is_chart_inlinable      000000018001c1a0 f   sfc_mex:sfc_sf.obj
 0001:0001b1c0       sf_mark_output_events_with_multiple_callers 000000018001c1c0 f   sfc_mex:sfc_sf.obj
 0001:0001b350       sf_mark_chart_reusable_outputs 000000018001c350 f   sfc_mex:sfc_sf.obj
 0001:0001b5b0       sf_mark_chart_expressionable_inputs 000000018001c5b0 f   sfc_mex:sfc_sf.obj
 0001:0001b810       sf_get_subchart_simstruct  000000018001c810 f   sfc_mex:sfc_sf.obj
 0001:0001b860       sf_get_fixpt_data_type_id  000000018001c860 f   sfc_mex:sfc_sf.obj
 0001:0001b8a0       sf_get_enum_data_type_id   000000018001c8a0 f   sfc_mex:sfc_sf.obj
 0001:0001b8e0       sf_get_param_data_type_id  000000018001c8e0 f   sfc_mex:sfc_sf.obj
 0001:0001b910       sf_mex_listen_for_ctrl_c_force 000000018001c910 f   sfc_mex:sfc_sf.obj
 0001:0001ba20       sf_mex_draw_now            000000018001ca20 f   sfc_mex:sfc_sf.obj
 0001:0001ba60       sf_mex_set_debugger_sim_status_listener_fcn 000000018001ca60 f   sfc_mex:sfc_sf.obj
 0001:0001ba70       sf_mex_listen_for_ctrl_c   000000018001ca70 f   sfc_mex:sfc_sf.obj
 0001:0001bb00       sf_mex_get_sfun_param      000000018001cb00 f   sfc_mex:sfc_sf.obj
 0001:0001bb50       sf_get_runtime_param_data  000000018001cb50 f   sfc_mex:sfc_sf.obj
 0001:0001bb90       sf_call_output_fcn_call    000000018001cb90 f   sfc_mex:sfc_sf.obj
 0001:0001bcd0       sf_call_output_fcn_enable  000000018001ccd0 f   sfc_mex:sfc_sf.obj
 0001:0001bd60       sf_call_output_fcn_disable 000000018001cd60 f   sfc_mex:sfc_sf.obj
 0001:0001bdf0       sf_clear_rtw_identifier    000000018001cdf0 f   sfc_mex:sfc_sf.obj
 0001:0001c5e0       sf_set_encoded_dwork_info  000000018001d5e0 f   sfc_mex:sfc_sf.obj
 0001:0001c630       sf_get_dwork_info_from_mat_file 000000018001d630 f   sfc_mex:sfc_sf.obj
 0001:0001c7f0       sf_set_rtw_dwork_info      000000018001d7f0 f   sfc_mex:sfc_sf.obj
 0001:0001c960       mdlOutputs                 000000018001d960 f   sfc_mex:sfc_sf.obj
 0001:0001cb00       sf_debug_disp              000000018001db00 f   sfc_debug:sfcdebug.obj
 0001:0001cd60       sf_debug_data_runtime_size_mismatch_error_check 000000018001dd60 f   sfc_debug:sfcdebug.obj
 0001:0001ce00       sf_debug_try_loading_machine 000000018001de00 f   sfc_debug:sfcdebug.obj
 0001:0001cf00       sf_debug_reset_current_state_configuration 000000018001df00 f   sfc_debug:sfcdebug.obj
 0001:0001cf90       sf_debug_store_current_state_configuration 000000018001df90 f   sfc_debug:sfcdebug.obj
 0001:0001d020       sf_debug_restore_previous_state_configuration 000000018001e020 f   sfc_debug:sfcdebug.obj
 0001:0001d0b0       sf_debug_restore_previous_state_configuration2 000000018001e0b0 f   sfc_debug:sfcdebug.obj
 0001:0001d140       sf_debug_get_event_scope   000000018001e140 f   sfc_debug:sfcdebug.obj
 0001:0001d2b0       use_debugger_step_animation 000000018001e2b0 f   sfc_debug:sfcdebug.obj
 0001:0001d2d0       sf_debug_get_script_id     000000018001e2d0 f   sfc_debug:sfcdebug.obj
 0001:0001d360       sf_debug_set_script_translation 000000018001e360 f   sfc_debug:sfcdebug.obj
 0001:0001d4e0       sf_debug_extract_message_post_receive_info 000000018001e4e0 f   sfc_debug:sfcdebug.obj
 0001:0001d5e0       sf_debug_get_current_machine_id 000000018001e5e0 f   sfc_debug:sfcdebug.obj
 0001:0001d600       sf_debug_get_current_optional_integer 000000018001e600 f   sfc_debug:sfcdebug.obj
 0001:0001d610       sf_debug_get_current_machine_number 000000018001e610 f   sfc_debug:sfcdebug.obj
 0001:0001d630       sf_debug_get_current_machine_name 000000018001e630 f   sfc_debug:sfcdebug.obj
 0001:0001d650       sf_debug_get_current_chart_id 000000018001e650 f   sfc_debug:sfcdebug.obj
 0001:0001d6a0       sf_debug_get_current_chart_number 000000018001e6a0 f   sfc_debug:sfcdebug.obj
 0001:0001d6b0       sf_debug_get_current_instance_number 000000018001e6b0 f   sfc_debug:sfcdebug.obj
 0001:0001d6c0       sf_debug_get_current_is_minor_time_step 000000018001e6c0 f   sfc_debug:sfcdebug.obj
 0001:0001d740       sf_debug_get_current_object_type 000000018001e740 f   sfc_debug:sfcdebug.obj
 0001:0001d750       sf_debug_get_current_instance_handle 000000018001e750 f   sfc_debug:sfcdebug.obj
 0001:0001d7b0       sf_debug_get_current_event_type 000000018001e7b0 f   sfc_debug:sfcdebug.obj
 0001:0001d7c0       sf_debug_get_current_object_id 000000018001e7c0 f   sfc_debug:sfcdebug.obj
 0001:0001d800       sf_debug_get_current_active_event_type 000000018001e800 f   sfc_debug:sfcdebug.obj
 0001:0001d810       sf_debug_get_current_active_event_id 000000018001e810 f   sfc_debug:sfcdebug.obj
 0001:0001d850       sf_debug_get_current_tag_type 000000018001e850 f   sfc_debug:sfcdebug.obj
 0001:0001d860       sf_debug_get_current_simulation_time 000000018001e860 f   sfc_debug:sfcdebug.obj
 0001:0001d870       sf_debug_get_current_coverage_percentage 000000018001e870 f   sfc_debug:sfcdebug.obj
 0001:0001d880       sf_debug_current_statement_context 000000018001e880 f   sfc_debug:sfcdebug.obj
 0001:0001d910       sf_debug_get_current_statement_info 000000018001e910 f   sfc_debug:sfcdebug.obj
 0001:0001da90       sf_debug_terminate_instance 000000018001ea90 f   sfc_debug:sfcdebug.obj
 0001:0001ddd0       sf_debug_assertion_failed  000000018001edd0 f   sfc_debug:sfcdebug.obj
 0001:0001df80       sf_debug_set_number_of_data_with_change_event_for_machine 000000018001ef80 f   sfc_debug:sfcdebug.obj
 0001:0001dfc0       sf_debug_set_machine_event_thresholds 000000018001efc0 f   sfc_debug:sfcdebug.obj
 0001:0001dfe0       sf_debug_set_machine_event_scope 000000018001efe0 f   sfc_debug:sfcdebug.obj
 0001:0001e020       sf_debug_set_machine_data_thresholds 000000018001f020 f   sfc_debug:sfcdebug.obj
 0001:0001e060       sf_debug_set_machine_data_scope 000000018001f060 f   sfc_debug:sfcdebug.obj
 0001:0001e0f0       sf_debug_set_machine_data_name 000000018001f0f0 f   sfc_debug:sfcdebug.obj
 0001:0001e190       sf_debug_set_machine_data_size 000000018001f190 f   sfc_debug:sfcdebug.obj
 0001:0001e2d0       sf_debug_set_machine_data_type 000000018001f2d0 f   sfc_debug:sfcdebug.obj
 0001:0001e440       sf_debug_get_chart_data_number 000000018001f440 f   sfc_debug:sfcdebug.obj
 0001:0001e460       sf_debug_get_chart_event_number 000000018001f460 f   sfc_debug:sfcdebug.obj
 0001:0001e480       sf_debug_set_chart_state_info 000000018001f480 f   sfc_debug:sfcdebug.obj
 0001:0001e500       sf_debug_set_chart_decomposition 000000018001f500 f   sfc_debug:sfcdebug.obj
 0001:0001e570       sf_debug_set_chart_substate_count 000000018001f570 f   sfc_debug:sfcdebug.obj
 0001:0001e650       sf_debug_set_chart_substate_index 000000018001f650 f   sfc_debug:sfcdebug.obj
 0001:0001e6c0       sf_debug_set_chart_state_substate_count 000000018001f6c0 f   sfc_debug:sfcdebug.obj
 0001:0001e7d0       sf_debug_set_chart_state_substate_index 000000018001f7d0 f   sfc_debug:sfcdebug.obj
 0001:0001e850       sf_debug_set_number_of_data_with_change_event_for_chart 000000018001f850 f   sfc_debug:sfcdebug.obj
 0001:0001e8d0       sf_debug_set_number_of_states_with_entry_event_for_chart 000000018001f8d0 f   sfc_debug:sfcdebug.obj
 0001:0001e940       sf_debug_set_number_of_states_with_exit_event_for_chart 000000018001f940 f   sfc_debug:sfcdebug.obj
 0001:0001e9b0       sf_debug_set_chart_disable_implicit_casting 000000018001f9b0 f   sfc_debug:sfcdebug.obj
 0001:0001ea20       sf_debug_set_chart_event_thresholds 000000018001fa20 f   sfc_debug:sfcdebug.obj
 0001:0001ea90       sf_debug_set_chart_data_compiled_props 000000018001fa90 f   sfc_debug:sfcdebug.obj
 0001:0001ede0       sf_debug_set_chart_data_props 000000018001fde0 f   sfc_debug:sfcdebug.obj
 0001:0001f100       sf_debug_check_fi_license  0000000180020100 f   sfc_debug:sfcdebug.obj
 0001:0001f2f0       sf_debug_symbol_scope_push 00000001800202f0 f   sfc_debug:sfcdebug.obj
 0001:0001f330       sf_debug_symbol_scope_push_eml 0000000180020330 f   sfc_debug:sfcdebug.obj
 0001:0001f380       sf_debug_symbol_scope_pop  0000000180020380 f   sfc_debug:sfcdebug.obj
 0001:0001f3c0       sf_debug_symbol_scope_add_importable 00000001800203c0 f   sfc_debug:sfcdebug.obj
 0001:0001f440       sf_debug_symbol_scope_add  0000000180020440 f   sfc_debug:sfcdebug.obj
 0001:0001f4c0       sf_debug_symbol_scope_add_dyn_importable 00000001800204c0 f   sfc_debug:sfcdebug.obj
 0001:0001f580       sf_debug_symbol_scope_add_dyn 0000000180020580 f   sfc_debug:sfcdebug.obj
 0001:0001f5b0       sf_debug_symbol_scope_add_eml_importable 00000001800205b0 f   sfc_debug:sfcdebug.obj
 0001:0001f5f0       sf_debug_symbol_scope_add_eml 00000001800205f0 f   sfc_debug:sfcdebug.obj
 0001:0001f630       sf_debug_symbol_scope_add_eml_dyn_importable 0000000180020630 f   sfc_debug:sfcdebug.obj
 0001:0001f6a0       sf_debug_symbol_scope_add_eml_dyn 00000001800206a0 f   sfc_debug:sfcdebug.obj
 0001:0001f700       sf_debug_symbol_switch     0000000180020700 f   sfc_debug:sfcdebug.obj
 0001:0001f720       sf_debug_symbol_scope_add_verbose 0000000180020720 f   sfc_debug:sfcdebug.obj
 0001:0001f7f0       sf_debug_set_machine_data_value_ptr 00000001800207f0 f   sfc_debug:sfcdebug.obj
 0001:0001f830       sf_debug_set_instance_data_value_ptr 0000000180020830 f   sfc_debug:sfcdebug.obj
 0001:0001f8f0       sf_debug_unset_instance_data_value_ptr 00000001800208f0 f   sfc_debug:sfcdebug.obj
 0001:0001f9a0       sf_debug_set_chart_event_scope 00000001800209a0 f   sfc_debug:sfcdebug.obj
 0001:0001fa20       sf_debug_set_chart_transition_coverage_maps 0000000180020a20 f   sfc_debug:sfcdebug.obj
 0001:0001fb30       sf_debug_set_chart_state_coverage_maps 0000000180020b30 f   sfc_debug:sfcdebug.obj
 0001:0001fc10       sf_debug_set_instance_transition_coverage_weights 0000000180020c10 f   sfc_debug:sfcdebug.obj
 0001:0001fcb0       sf_debug_set_instance_state_coverage_weights 0000000180020cb0 f   sfc_debug:sfcdebug.obj
 0001:0001ff00       sf_debug_unload_machine    0000000180020f00 f   sfc_debug:sfcdebug.obj
 0001:0001ff50       sf_debug_load_machine      0000000180020f50 f   sfc_debug:sfcdebug.obj
 0001:00020050       sf_debug_set_active_instance_in_data_dictionary 0000000180021050 f   sfc_debug:sfcdebug.obj
 0001:00020230       sf_debug_set_active_instance 0000000180021230 f   sfc_debug:sfcdebug.obj
 0001:00020370       sf_debug_chart_visiblity_change 0000000180021370 f   sfc_debug:sfcdebug.obj
 0001:00020450       sf_debug_select_chart      0000000180021450 f   sfc_debug:sfcdebug.obj
 0001:00020520       sf_debug_set_instance_cv_ids 0000000180021520 f   sfc_debug:sfcdebug.obj
 0001:00020830       sf_debug_select_charts     0000000180021830 f   sfc_debug:sfcdebug.obj
 0001:00020970       sf_debug_initialized       0000000180021970 f   sfc_debug:sfcdebug.obj
 0001:00020980       sf_debug_is_uninterruptible 0000000180021980 f   sfc_debug:sfcdebug.obj
 0001:000209b0       sf_debug_initialize_debugger_gui 00000001800219b0 f   sfc_debug:sfcdebug.obj
 0001:00020da0       sf_debug_resume            0000000180021da0 f   sfc_debug:sfcdebug.obj
 0001:00020dc0       sf_debug_go                0000000180021dc0 f   sfc_debug:sfcdebug.obj
 0001:00020dd0       sf_debug_break             0000000180021dd0 f   sfc_debug:sfcdebug.obj
 0001:00020de0       sf_debug_step_over         0000000180021de0 f   sfc_debug:sfcdebug.obj
 0001:00020df0       sf_debug_step_out          0000000180021df0 f   sfc_debug:sfcdebug.obj
 0001:00020e00       sf_debug_set_disable_all_breakpoints 0000000180021e00 f   sfc_debug:sfcdebug.obj
 0001:00020e10       sf_debug_disable_all_breakpoints_and_go 0000000180021e10 f   sfc_debug:sfcdebug.obj
 0001:00020e20       sf_debug_break_on_chart_entry 0000000180021e20 f   sfc_debug:sfcdebug.obj
 0001:00020e30       sf_debug_break_on_event_broadcast 0000000180021e30 f   sfc_debug:sfcdebug.obj
 0001:00020e40       sf_debug_break_on_state_entry 0000000180021e40 f   sfc_debug:sfcdebug.obj
 0001:00020e50       sf_debug_break_between_times 0000000180021e50 f   sfc_debug:sfcdebug.obj
 0001:00020e70       sf_debug_browse_data       0000000180021e70 f   sfc_debug:sfcdebug.obj
 0001:00020e90       sf_debug_watch_data        0000000180021e90 f   sfc_debug:sfcdebug.obj
 0001:00020eb0       sf_debug_assign_data       0000000180021eb0 f   sfc_debug:sfcdebug.obj
 0001:00020ed0       sf_debug_whos              0000000180021ed0 f   sfc_debug:sfcdebug.obj
 0001:00020ef0       sf_debug_get_consistency_info 0000000180021ef0 f   sfc_debug:sfcdebug.obj
 0001:00020f00       sf_debug_browse_trace      0000000180021f00 f   sfc_debug:sfcdebug.obj
 0001:00020f10       sf_debug_set_breakpoints   0000000180021f10 f   sfc_debug:sfcdebug.obj
 0001:00021070       sf_debug_set_eml_breakpoints 0000000180022070 f   sfc_debug:sfcdebug.obj
 0001:000211d0       sf_debug_set_script_breakpoints 00000001800221d0 f   sfc_debug:sfcdebug.obj
 0001:00021250       sf_debug_add_script_breakpoints 0000000180022250 f   sfc_debug:sfcdebug.obj
 0001:000212c0       sf_debug_clear_script_breakpoints 00000001800222c0 f   sfc_debug:sfcdebug.obj
 0001:00021330       sf_debug_query_script_breakpoints 0000000180022330 f   sfc_debug:sfcdebug.obj
 0001:000213f0       sf_debug_get_eml_script_id 00000001800223f0 f   sfc_debug:sfcdebug.obj
 0001:00021440       sf_debug_set_watch         0000000180022440 f   sfc_debug:sfcdebug.obj
 0001:00021670       sf_debug_get_instance_handle 0000000180022670 f   sfc_debug:sfcdebug.obj
 0001:00021700       sf_debug_get_active_states 0000000180022700 f   sfc_debug:sfcdebug.obj
 0001:00021710       sf_debug_get_animation     0000000180022710 f   sfc_debug:sfcdebug.obj
 0001:00021720       sf_debug_set_animation     0000000180022720 f   sfc_debug:sfcdebug.obj
 0001:00021730       sf_debug_animate           0000000180022730 f   sfc_debug:sfcdebug.obj
 0001:00021760       sf_debug_cycle_detection_check 0000000180022760 f   sfc_debug:sfcdebug.obj
 0001:00021770       sf_debug_data_range_check  0000000180022770 f   sfc_debug:sfcdebug.obj
 0001:00021780       sf_debug_transition_conflict_check 0000000180022780 f   sfc_debug:sfcdebug.obj
 0001:00021790       sf_debug_state_consistency_check 0000000180022790 f   sfc_debug:sfcdebug.obj
 0001:000217a0       sf_debug_data_range_check_enabled 00000001800227a0 f   sfc_debug:sfcdebug.obj
 0001:000217c0       sf_debug_transition_conflict_check_enabled 00000001800227c0 f   sfc_debug:sfcdebug.obj
 0001:000217e0       sf_debug_transition_conflict_check_begin 00000001800227e0 f   sfc_debug:sfcdebug.obj
 0001:00021800       sf_debug_transition_conflict_check_end 0000000180022800 f   sfc_debug:sfcdebug.obj
 0001:00021820       sf_debug_stop_debugging    0000000180022820 f   sfc_debug:sfcdebug.obj
 0001:00021850       sf_debug_is_cycle_detected 0000000180022850 f   sfc_debug:sfcdebug.obj
 0001:00021860       sf_debug_is_array_bounds_detected 0000000180022860 f   sfc_debug:sfcdebug.obj
 0001:00021870       sf_debug_get_state_vectors_data_size 0000000180022870 f   sfc_debug:sfcdebug.obj
 0001:000218b0       sf_debug_get_state_vectors_data 00000001800228b0 f   sfc_debug:sfcdebug.obj
 0001:000219b0       sf_debug_set_state_vectors_data 00000001800229b0 f   sfc_debug:sfcdebug.obj
 0001:00021c70       sf_debug_get_script_index  0000000180022c70 f   sfc_debug:sfcdebug.obj
 0001:00021e00       sf_debug_add_script        0000000180022e00 f   sfc_debug:sfcdebug.obj
 0001:00021f90       cv_eval_point              0000000180022f90 f   sfc_debug:sfcdebug.obj
 0001:00022100       cv_eval_testobjective      0000000180023100 f   sfc_debug:sfcdebug.obj
 0001:00022220       sf_debug_cv_init_state     0000000180023220 f   sfc_debug:sfcdebug.obj
 0001:00022340       sf_debug_cv_init_chart     0000000180023340 f   sfc_debug:sfcdebug.obj
 0001:00022420       sf_debug_cv_init_trans     0000000180023420 f   sfc_debug:sfcdebug.obj
 0001:00022520       sf_debug_cv_init_testobjectives 0000000180023520 f   sfc_debug:sfcdebug.obj
 0001:00022700       cv_eml_init_script         0000000180023700 f   sfc_debug:sfcdebug.obj
 0001:00022800       cv_eml_init_fcn            0000000180023800 f   sfc_debug:sfcdebug.obj
 0001:000228b0       cv_eml_init_testobjective  00000001800238b0 f   sfc_debug:sfcdebug.obj
 0001:00022980       cv_eml_init_if             0000000180023980 f   sfc_debug:sfcdebug.obj
 0001:00022a50       cv_eml_init_for            0000000180023a50 f   sfc_debug:sfcdebug.obj
 0001:00022b10       cv_eml_init_while          0000000180023b10 f   sfc_debug:sfcdebug.obj
 0001:00022bd0       cv_eml_init_mcdc           0000000180023bd0 f   sfc_debug:sfcdebug.obj
 0001:00022ce0       cv_eml_init_switch         0000000180023ce0 f   sfc_debug:sfcdebug.obj
 0001:00022dd0       cv_eml_eval                0000000180023dd0 f   sfc_debug:sfcdebug.obj
 0001:00022eb0       sf_debug_bm_is_a_eml_breakpoint 0000000180023eb0 f   sfc_debug:sfcdebug.obj
 0001:00023000       sf_debug_temporal_threshold 0000000180024000 f   sfc_debug:sfcdebug.obj
 0001:00023360       sf_debug_transition_conflict_error 0000000180024360 f   sfc_debug:sfcdebug.obj
 0001:000236e0       sf_debug_state_inconsistency_error 00000001800246e0 f   sfc_debug:sfcdebug.obj
 0001:00023800       sf_debug_check_for_state_inconsistency 0000000180024800 f   sfc_debug:sfcdebug.obj
 0001:00023830       sf_debug_cycle_detecton_error 0000000180024830 f   sfc_debug:sfcdebug.obj
 0001:00024020       sf_debug_size_eq_check_1d  0000000180025020 f   sfc_debug:sfcdebug.obj
 0001:00024040       sf_debug_size_eq_check_nd  0000000180025040 f   sfc_debug:sfcdebug.obj
 0001:00024220       sf_debug_dim_size_eq_check 0000000180025220 f   sfc_debug:sfcdebug.obj
 0001:00024250       sf_debug_dim_size_geq_check 0000000180025250 f   sfc_debug:sfcdebug.obj
 0001:00024280       sf_debug_sub_assign_size_check_nd 0000000180025280 f   sfc_debug:sfcdebug.obj
 0001:000244c0       sf_debug_matrix_matrix_index_check 00000001800254c0 f   sfc_debug:sfcdebug.obj
 0001:000244f0       sf_debug_vector_vector_index_check 00000001800254f0 f   sfc_debug:sfcdebug.obj
 0001:00024520       sf_debug_for_loop_vector_check 0000000180025520 f   sfc_debug:sfcdebug.obj
 0001:000245a0       sf_debug_runtime_error_msgid 00000001800255a0 f   sfc_debug:sfcdebug.obj
 0001:00024630       sf_debug_data_array_bounds_error_check 0000000180025630 f   sfc_debug:sfcdebug.obj
 0001:00024740       sf_debug_eml_data_array_bounds_error_check 0000000180025740 f   sfc_debug:sfcdebug.obj
 0001:00024c20       sf_debug_integer_check     0000000180025c20 f   sfc_debug:sfcdebug.obj
 0001:00024d00       sf_debug_not_nan_check     0000000180025d00 f   sfc_debug:sfcdebug.obj
 0001:00024dc0       sf_debug_non_negative_check 0000000180025dc0 f   sfc_debug:sfcdebug.obj
 0001:00024e80       sf_debug_overflow_detection 0000000180025e80 f   sfc_debug:sfcdebug.obj
 0001:00025570       sf_debug_cast_to_real32_T  0000000180026570 f   sfc_debug:sfcdebug.obj
 0001:00025630       sf_debug_cast_to_int8_T    0000000180026630 f   sfc_debug:sfcdebug.obj
 0001:000256f0       sf_debug_cast_to_uint8_T   00000001800266f0 f   sfc_debug:sfcdebug.obj
 0001:000257b0       sf_debug_cast_to_int16_T   00000001800267b0 f   sfc_debug:sfcdebug.obj
 0001:00025870       sf_debug_cast_to_uint16_T  0000000180026870 f   sfc_debug:sfcdebug.obj
 0001:00025930       sf_debug_cast_to_int32_T   0000000180026930 f   sfc_debug:sfcdebug.obj
 0001:000259f0       sf_debug_cast_to_uint32_T  00000001800269f0 f   sfc_debug:sfcdebug.obj
 0001:00025ab0       sf_debug_data_range_error  0000000180026ab0 f   sfc_debug:sfcdebug.obj
 0001:00025e00       sf_debug_read_before_write_check 0000000180026e00 f   sfc_debug:sfcdebug.obj
 0001:000261f0       sf_debug_data_range_error_wrapper_min_max 00000001800271f0 f   sfc_debug:sfcdebug.obj
 0001:000262e0       sf_debug_data_range_error_wrapper_min 00000001800272e0 f   sfc_debug:sfcdebug.obj
 0001:000263c0       sf_debug_data_range_error_wrapper_max 00000001800273c0 f   sfc_debug:sfcdebug.obj
 0001:000264a0       sf_debug_data_range_wrapper 00000001800274a0 f   sfc_debug:sfcdebug.obj
 0001:00026550       sf_debug_set_current_status_info 0000000180027550 f   sfc_debug:sfcdebug.obj
 0001:00026900       sf_debug_register_message_post_receive_info 0000000180027900 f   sfc_debug:sfcdebug.obj
 0001:00026b70       sf_debug_call              0000000180027b70 f   sfc_debug:sfcdebug.obj
 0001:00027a30       sf_debug_initialize_machine 0000000180028a30 f   sfc_debug:sfcdebug.obj
 0001:00027d40       sf_debug_initialize_chart  0000000180028d40 f   sfc_debug:sfcdebug.obj
 0001:00028220       sf_debug_ensure_script     0000000180029220 f   sfc_debug:sfcdebug.obj
 0001:000282e0       cv_script_init_script      00000001800292e0 f   sfc_debug:sfcdebug.obj
 0001:000283c0       cv_script_init_fcn         00000001800293c0 f   sfc_debug:sfcdebug.obj
 0001:00028470       cv_script_init_testobjective 0000000180029470 f   sfc_debug:sfcdebug.obj
 0001:00028520       cv_script_init_if          0000000180029520 f   sfc_debug:sfcdebug.obj
 0001:000285d0       cv_script_init_for         00000001800295d0 f   sfc_debug:sfcdebug.obj
 0001:00028680       cv_script_init_while       0000000180029680 f   sfc_debug:sfcdebug.obj
 0001:00028730       cv_script_init_mcdc        0000000180029730 f   sfc_debug:sfcdebug.obj
 0001:00028830       cv_script_init_switch      0000000180029830 f   sfc_debug:sfcdebug.obj
 0001:00028910       cv_script_eval             0000000180029910 f   sfc_debug:sfcdebug.obj
 0001:000289f0       eml_debug_line_call        00000001800299f0 f   sfc_debug:sfcdebug.obj
 0001:00028ba0       sf_debug_terminate         0000000180029ba0 f   sfc_debug:sfcdebug.obj
 0001:00028d10       sf_debug_set_script_cv_ids 0000000180029d10 f   sfc_debug:sfcdebug.obj
 0001:00028e40       sf_debug_api               0000000180029e40 f   sfc_debug:sfc_api.obj
 0001:0002a620       sf_debug_sm_terminate      000000018002b620 f   sfc_debug:sfdb_animation.obj
 0001:0002a7e0       sf_debug_reset_path_objects 000000018002b7e0 f   sfc_debug:sfdb_animation.obj
 0001:0002a860       sf_debug_sm_reset_object_selection_status 000000018002b860 f   sfc_debug:sfdb_animation.obj
 0001:0002a900       sf_debug_sm_reset_state_buffer 000000018002b900 f   sfc_debug:sfdb_animation.obj
 0001:0002a9d0       sf_debug_sm_store_state_buffer 000000018002b9d0 f   sfc_debug:sfdb_animation.obj
 0001:0002aa50       sf_debug_sm_restore_state_buffer1 000000018002ba50 f   sfc_debug:sfdb_animation.obj
 0001:0002aac0       sf_debug_sm_restore_state_buffer2 000000018002bac0 f   sfc_debug:sfdb_animation.obj
 0001:0002ab30       sf_debug_sm_chart_active   000000018002bb30 f   sfc_debug:sfdb_animation.obj
 0001:0002ab80       sf_debug_sm_select_active_objects 000000018002bb80 f   sfc_debug:sfdb_animation.obj
 0001:0002b030       sf_debug_sm_is_chart_active 000000018002c030 f   sfc_debug:sfdb_animation.obj
 0001:0002b070       sf_debug_sm_is_state_active 000000018002c070 f   sfc_debug:sfdb_animation.obj
 0001:0002b2b0       sf_debug_sm_get_active_states 000000018002c2b0 f   sfc_debug:sfdb_animation.obj
 0001:0002b870       sf_debug_sm_initialize_instance 000000018002c870 f   sfc_debug:sfdb_animation.obj
 0001:0002bac0       sf_debug_sm_change_object_selection_status 000000018002cac0 f   sfc_debug:sfdb_animation.obj
 0001:0002bdb0       cv_create_interface        000000018002cdb0 f   sfc_debug:cv_sfinterface.obj
 0001:0002c110       cv_init_trans              000000018002d110 f   sfc_debug:cv_sfinterface.obj
 0001:0002c160       cv_init_testobjective      000000018002d160 f   sfc_debug:cv_sfinterface.obj
 0001:0002c1a0       cv_init_state              000000018002d1a0 f   sfc_debug:cv_sfinterface.obj
 0001:0002c210       cv_init_chart              000000018002d210 f   sfc_debug:cv_sfinterface.obj
 0001:0002c260       cv_dec_update_call         000000018002d260 f   sfc_debug:cv_sfinterface.obj
 0001:0002c2a0       cv_cond_update_call        000000018002d2a0 f   sfc_debug:cv_sfinterface.obj
 0001:0002c2e0       cv_testobjective_update_call 000000018002d2e0 f   sfc_debug:cv_sfinterface.obj
 0001:0002c320       cv_sigrange_update         000000018002d320 f   sfc_debug:cv_sfinterface.obj
 0001:0002c360       cvsf_eml_eval              000000018002d360 f   sfc_debug:cv_sfinterface.obj
 0001:0002c440       cvsf_eml_init_script       000000018002d440 f   sfc_debug:cv_sfinterface.obj
 0001:0002c4c0       cvsf_eml_init_fcn          000000018002d4c0 f   sfc_debug:cv_sfinterface.obj
 0001:0002c520       cvsf_eml_init_testobjective 000000018002d520 f   sfc_debug:cv_sfinterface.obj
 0001:0002c580       cvsf_eml_init_if           000000018002d580 f   sfc_debug:cv_sfinterface.obj
 0001:0002c5e0       cvsf_eml_init_for          000000018002d5e0 f   sfc_debug:cv_sfinterface.obj
 0001:0002c630       cvsf_eml_init_while        000000018002d630 f   sfc_debug:cv_sfinterface.obj
 0001:0002c680       cvsf_eml_init_mcdc         000000018002d680 f   sfc_debug:cv_sfinterface.obj
 0001:0002c710       cvsf_eml_init_switch       000000018002d710 f   sfc_debug:cv_sfinterface.obj
 0001:0002c780       cvsf_script_eval           000000018002d780 f   sfc_debug:cv_sfinterface.obj
 0001:0002c860       cvsf_script_init_script    000000018002d860 f   sfc_debug:cv_sfinterface.obj
 0001:0002c8e0       cvsf_script_init_fcn       000000018002d8e0 f   sfc_debug:cv_sfinterface.obj
 0001:0002c940       cvsf_script_init_testobjective 000000018002d940 f   sfc_debug:cv_sfinterface.obj
 0001:0002c9a0       cvsf_script_init_if        000000018002d9a0 f   sfc_debug:cv_sfinterface.obj
 0001:0002ca00       cvsf_script_init_for       000000018002da00 f   sfc_debug:cv_sfinterface.obj
 0001:0002ca50       cvsf_script_init_while     000000018002da50 f   sfc_debug:cv_sfinterface.obj
 0001:0002caa0       cvsf_script_init_mcdc      000000018002daa0 f   sfc_debug:cv_sfinterface.obj
 0001:0002cb30       cvsf_script_init_switch    000000018002db30 f   sfc_debug:cv_sfinterface.obj
 0001:0002cba0       cv_destroy_interface       000000018002dba0 f   sfc_debug:cv_sfinterface.obj
 0001:0002cbc0       cv_create_instance_objects 000000018002dbc0 f   sfc_debug:cv_sfinterface.obj
 0001:0002d070       cv_is_enabled              000000018002e070 f   sfc_debug:cv_sfinterface.obj
 0001:0002d080       sf_debug_cv_initialize_script 000000018002e080 f   sfc_debug:cv_sfinterface.obj
 0001:0002d230       sf_debug_cv_initialize_instance 000000018002e230 f   sfc_debug:cv_sfinterface.obj
 0001:0002d5d0       sf_debug_cv_terminate_chart 000000018002e5d0 f   sfc_debug:cv_sfinterface.obj
 0001:0002d710       cv_call_trans_test         000000018002e710 f   sfc_debug:cv_sfinterface.obj
 0001:0002d720       cv_call_sub_cond_test      000000018002e720 f   sfc_debug:cv_sfinterface.obj
 0001:0002d760       sf_debug_st_initialize_machine 000000018002e760 f   sfc_debug:sfdb_data_browse.obj
 0001:0002d820       sf_debug_st_initialize_instance 000000018002e820 f   sfc_debug:sfdb_data_browse.obj
 0001:0002da50       sf_debug_st_terminate      000000018002ea50 f   sfc_debug:sfdb_data_browse.obj
 0001:0002ddf0       sf_debug_st_set_data_value_ptr_in_machine 000000018002edf0 f   sfc_debug:sfdb_data_browse.obj
 0001:0002de80       sf_debug_st_set_data_value_ptr_in_instance 000000018002ee80 f   sfc_debug:sfdb_data_browse.obj
 0001:0002df60       sf_debug_st_unset_data_value_ptr_in_machine 000000018002ef60 f   sfc_debug:sfdb_data_browse.obj
 0001:0002dfd0       sf_debug_st_unset_data_value_ptr_in_instance 000000018002efd0 f   sfc_debug:sfdb_data_browse.obj
 0001:0002e2e0       sf_debug_mx_value          000000018002f2e0 f   sfc_debug:sfdb_data_browse.obj
 0001:0002e340       sf_debug_mx_packed_vector  000000018002f340 f   sfc_debug:sfdb_data_browse.obj
 0001:0002e420       sf_debug_mx_uint_vector    000000018002f420 f   sfc_debug:sfdb_data_browse.obj
 0001:0002e4e0       sf_debug_st_get_double_value_from_void_ptr_vector 000000018002f4e0 f   sfc_debug:sfdb_data_browse.obj
 0001:0002efd0       sf_debug_st_browse_data    000000018002ffd0 f   sfc_debug:sfdb_data_browse.obj
 0001:0002f860       sf_debug_hm_initialize_instance 0000000180030860 f   sfc_debug:sfdb_handle_management.obj
 0001:0002fde0       sf_debug_hm_get_object_id  0000000180030de0 f   sfc_debug:sfdb_handle_management.obj
 0001:00031d50       sf_debug_object_is_eml_function 0000000180032d50 f   sfc_debug:sfdb_handle_management.obj
 0001:00031dc0       sf_debug_hm_initialize_ids_in_machine 0000000180032dc0 f   sfc_debug:sfdb_handle_management.obj
 0001:00031f30       sf_debug_hm_initialize_ids_in_chart 0000000180032f30 f   sfc_debug:sfdb_handle_management.obj
 0001:00032070       sf_debug_hm_initialize_chart 0000000180033070 f   sfc_debug:sfdb_handle_management.obj
 0001:00032820       sf_debug_hm_terminate      0000000180033820 f   sfc_debug:sfdb_handle_management.obj
 0001:00032880       sf_debug_hm_initialize_machine 0000000180033880 f   sfc_debug:sfdb_handle_management.obj
 0001:00033030       sf_debug_ss_initialize     0000000180034030 f   sfc_debug:sfdb_symbol_scope.obj
 0001:00033050       sf_debug_ss_terminate      0000000180034050 f   sfc_debug:sfdb_symbol_scope.obj
 0001:000330e0       sf_debug_ss_push_symbol_scope 00000001800340e0 f   sfc_debug:sfdb_symbol_scope.obj
 0001:000331e0       sf_debug_ss_push_symbol_scope_eml 00000001800341e0 f   sfc_debug:sfdb_symbol_scope.obj
 0001:00033240       sf_debug_ss_pop_symbol_scope 0000000180034240 f   sfc_debug:sfdb_symbol_scope.obj
 0001:000332f0       sf_debug_ss_add_symbol     00000001800342f0 f   sfc_debug:sfdb_symbol_scope.obj
 0001:00033450       sf_debug_ss_add_symbol_eml 0000000180034450 f   sfc_debug:sfdb_symbol_scope.obj
 0001:00034130       sf_debug_ss_set_data_value 0000000180035130 f   sfc_debug:sfdb_symbol_scope.obj
 0001:000345d0       sf_debug_ss_watch_data     00000001800355d0 f   sfc_debug:sfdb_symbol_scope.obj
 0001:00034670       sf_debug_ss_assign_data    0000000180035670 f   sfc_debug:sfdb_symbol_scope.obj
 0001:00035070       get_data_entry_name        0000000180036070 f   sfc_debug:sfdb_symbol_scope.obj
 0001:000350c0       sf_debug_ss_whos           00000001800360c0 f   sfc_debug:sfdb_symbol_scope.obj
 0001:000357d0       sf_debug_cc_initialize_chart 00000001800367d0 f   sfc_debug:sfdb_coverage.obj
 0001:000361c0       sf_debug_cc_initialize_instance 00000001800371c0 f   sfc_debug:sfdb_coverage.obj
 0001:00036fc0       sf_debug_cc_terminate      0000000180037fc0 f   sfc_debug:sfdb_coverage.obj
 0001:000370b0       sf_debug_cc_set_transition_maps 00000001800380b0 f   sfc_debug:sfdb_coverage.obj
 0001:000371e0       sf_debug_cc_set_state_maps 00000001800381e0 f   sfc_debug:sfdb_coverage.obj
 0001:000372c0       sf_debug_cc_set_transition_weights 00000001800382c0 f   sfc_debug:sfdb_coverage.obj
 0001:00037590       sf_debug_cc_set_state_weights 0000000180038590 f   sfc_debug:sfdb_coverage.obj
 0001:00037860       sf_debug_cc_mark_transition_guard 0000000180038860 f   sfc_debug:sfdb_coverage.obj
 0001:000378f0       sf_debug_cc_mark_transition_trigger 00000001800388f0 f   sfc_debug:sfdb_coverage.obj
 0001:00037980       sf_debug_cc_mark_transition_decision 0000000180038980 f   sfc_debug:sfdb_coverage.obj
 0001:000379f0       sf_debug_cc_mark_transition_condition_action 00000001800389f0 f   sfc_debug:sfdb_coverage.obj
 0001:00037a40       sf_debug_cc_mark_transition_transition_action 0000000180038a40 f   sfc_debug:sfdb_coverage.obj
 0001:00037a90       sf_debug_cc_mark_state_entry 0000000180038a90 f   sfc_debug:sfdb_coverage.obj
 0001:00037ae0       sf_debug_cc_mark_state_during 0000000180038ae0 f   sfc_debug:sfdb_coverage.obj
 0001:00037b30       sf_debug_cc_mark_state_exit 0000000180038b30 f   sfc_debug:sfdb_coverage.obj
 0001:00037b80       sf_debug_bm_clear_script_breakpoints 0000000180038b80 f   sfc_debug:sfdb_breakpoints.obj
 0001:00037bb0       sf_debug_bm_set_script_breakpoint 0000000180038bb0 f   sfc_debug:sfdb_breakpoints.obj
 0001:00037c30       sf_debug_bm_clear_single_script_breakpoint 0000000180038c30 f   sfc_debug:sfdb_breakpoints.obj
 0001:00037cb0       sf_debug_bm_query_script_breakpoint 0000000180038cb0 f   sfc_debug:sfdb_breakpoints.obj
 0001:00037d00       sf_debug_bm_initialize_scripts 0000000180038d00 f   sfc_debug:sfdb_breakpoints.obj
 0001:00038420       sf_debug_bm_terminate      0000000180039420 f   sfc_debug:sfdb_breakpoints.obj
 0001:00038710       sf_debug_bm_remove_all_breakpoints_in_machine 0000000180039710 f   sfc_debug:sfdb_breakpoints.obj
 0001:00038780       sf_debug_bm_remove_all_breakpoints_in_chart 0000000180039780 f   sfc_debug:sfdb_breakpoints.obj
 0001:000388d0       sf_debug_bm_initialize_global_breakpoints 00000001800398d0 f   sfc_debug:sfdb_breakpoints.obj
 0001:00038a50       sf_debug_bm_set_breakpoint 0000000180039a50 f   sfc_debug:sfdb_breakpoints.obj
 0001:00039080       sf_debug_bm_set_eml_breakpoint 000000018003a080 f   sfc_debug:sfdb_breakpoints.obj
 0001:00039120       sf_debug_bm_initialize_machine_breakpoint_map 000000018003a120 f   sfc_debug:sfdb_breakpoints.obj
 0001:00039540       sf_debug_bm_is_a_breakpoint 000000018003a540 f   sfc_debug:sfdb_breakpoints.obj
 0001:00039a60       sf_debug_bm_get_all_breakpoints_in_machine 000000018003aa60 f   sfc_debug:sfdb_breakpoints.obj
 0001:00039d60       sf_debug_bm_get_all_breakpoints_in_chart 000000018003ad60 f   sfc_debug:sfdb_breakpoints.obj
 0001:0003aa20       sf_debug_bm_initialize_machine 000000018003ba20 f   sfc_debug:sfdb_breakpoints.obj
 0001:0003aaf0       sf_debug_bm_initialize_chart 000000018003baf0 f   sfc_debug:sfdb_breakpoints.obj
 0001:0003af10       sf_debug_sc_terminate      000000018003bf10 f   sfc_debug:sfdb_state_consistency.obj
 0001:0003b240       sf_debug_sc_is_chart_consistent 000000018003c240 f   sfc_debug:sfdb_state_consistency.obj
 0001:0003b4f0       sf_debug_sc_get_consistency_error_info 000000018003c4f0 f   sfc_debug:sfdb_state_consistency.obj
 0001:0003b940       sf_debug_tm_terminate      000000018003c940 f   sfc_debug:sfdb_call_stack.obj
 0001:0003ba00       sf_debug_tm_push_chart_instance 000000018003ca00 f   sfc_debug:sfdb_call_stack.obj
 0001:0003bb50       sf_debug_tm_pop_chart_instance 000000018003cb50 f   sfc_debug:sfdb_call_stack.obj
 0001:0003bbb0       sf_debug_tm_push_trace_node 000000018003cbb0 f   sfc_debug:sfdb_call_stack.obj
 0001:0003bd40       sf_debug_tm_pop_trace_node 000000018003cd40 f   sfc_debug:sfdb_call_stack.obj
 0001:0003bdc0       sf_debug_tm_get_current_global_trace_index 000000018003cdc0 f   sfc_debug:sfdb_call_stack.obj
 0001:0003bdd0       sf_debug_tm_get_current_local_trace_index 000000018003cdd0 f   sfc_debug:sfdb_call_stack.obj
 0001:0003be00       sf_debug_tm_set_cycle_detected_flag 000000018003ce00 f   sfc_debug:sfdb_call_stack.obj
 0001:0003be40       sf_debug_tm_set_cycle_started_flag 000000018003ce40 f   sfc_debug:sfdb_call_stack.obj
 0001:0003be80       sf_debug_tm_get_chart_number_from_stack 000000018003ce80 f   sfc_debug:sfdb_call_stack.obj
 0001:0003c080       sf_debug_tm_browse_trace   000000018003d080 f   sfc_debug:sfdb_call_stack.obj
 0001:0003c3c0       sf_debug_cd_initialize_instance 000000018003d3c0 f   sfc_debug:sfdb_cycle_detection.obj
 0001:0003c670       sf_debug_cd_mark_processed_transition_in_instance 000000018003d670 f   sfc_debug:sfdb_cycle_detection.obj
 0001:0003c710       sf_debug_cd_checksum_push  000000018003d710 f   sfc_debug:sfdb_cycle_detection.obj
 0001:0003c9d0       sf_debug_cd_checksum_pop   000000018003d9d0 f   sfc_debug:sfdb_cycle_detection.obj
 0001:0003ca40       sf_debug_cd_turn_off_cycle_detection 000000018003da40 f   sfc_debug:sfdb_cycle_detection.obj
 0001:0003ca90       sf_debug_cd_terminate      000000018003da90 f   sfc_debug:sfdb_cycle_detection.obj
 0001:0003ccd0       md5_initialize_state       000000018003dcd0 f   sfc_debug:ckmd5.obj
 0001:0003d740       md5_update_state           000000018003e740 f   sfc_debug:ckmd5.obj
 0001:0003d760       md5_get_hash               000000018003e760 f   sfc_debug:ckmd5.obj
 0001:0003d790       md5_get_hash_for_a_single_string 000000018003e790 f   sfc_debug:ckmd5.obj
 0001:0003d7f4       mxGetPr                    000000018003e7f4 f   libmx:libmx.dll
 0001:0003d7fa       mxCreateDoubleScalar       000000018003e7fa f   libmx:libmx.dll
 0001:0003d800       mxCreateDoubleMatrix_730   000000018003e800 f   libmx:libmx.dll
 0001:0003d806       mxSetField_730             000000018003e806 f   libmx:libmx.dll
 0001:0003d80c       mxCreateString             000000018003e80c f   libmx:libmx.dll
 0001:0003d812       mxCreateStructMatrix_730   000000018003e812 f   libmx:libmx.dll
 0001:0003d818       mxDestroyArray             000000018003e818 f   libmx:libmx.dll
 0001:0003d81e       mxDuplicateArray           000000018003e81e f   libmx:libmx.dll
 0001:0003d824       mxGetString_730            000000018003e824 f   libmx:libmx.dll
 0001:0003d82a       mxIsChar                   000000018003e82a f   libmx:libmx.dll
 0001:0003d830       mxGetClassID               000000018003e830 f   libmx:libmx.dll
 0001:0003d836       mxIsNumeric                000000018003e836 f   libmx:libmx.dll
 0001:0003d83c       mxIsComplex                000000018003e83c f   libmx:libmx.dll
 0001:0003d842       mxGetN                     000000018003e842 f   libmx:libmx.dll
 0001:0003d848       mxGetM                     000000018003e848 f   libmx:libmx.dll
 0001:0003d84e       mxCalloc                   000000018003e84e f   libmx:libmx.dll
 0001:0003d854       mxGetScalar                000000018003e854 f   libmx:libmx.dll
 0001:0003d85a       mxIsLogical                000000018003e85a f   libmx:libmx.dll
 0001:0003d860       mxCreateDoubleMatrix_700   000000018003e860 f   libmx:libmx.dll
 0001:0003d866       mxFree                     000000018003e866 f   libmx:libmx.dll
 0001:0003d86c       mxArrayToString            000000018003e86c f   libmx:libmx.dll
 0001:0003d872       mxCreateCellMatrix_700     000000018003e872 f   libmx:libmx.dll
 0001:0003d878       mxSetCell_700              000000018003e878 f   libmx:libmx.dll
 0001:0003d87e       mxGetCell_700              000000018003e87e f   libmx:libmx.dll
 0001:0003d884       mxGetClassName             000000018003e884 f   libmx:libmx.dll
 0001:0003d88a       mxSetField_700             000000018003e88a f   libmx:libmx.dll
 0001:0003d890       mxAddField                 000000018003e890 f   libmx:libmx.dll
 0001:0003d896       mxGetField_700             000000018003e896 f   libmx:libmx.dll
 0001:0003d89c       mxGetNumberOfElements      000000018003e89c f   libmx:libmx.dll
 0001:0003d8a2       mxIsStruct                 000000018003e8a2 f   libmx:libmx.dll
 0001:0003d8a8       mxIsA                      000000018003e8a8 f   libmx:libmx.dll
 0001:0003d8ae       mxIsClass                  000000018003e8ae f   libmx:libmx.dll
 0001:0003d8b4       mxGetLogicals              000000018003e8b4 f   libmx:libmx.dll
 0001:0003d8ba       mxIsSparse                 000000018003e8ba f   libmx:libmx.dll
 0001:0003d8c0       mxSetFieldByNumber_700     000000018003e8c0 f   libmx:libmx.dll
 0001:0003d8c6       mxGetFieldByNumber_700     000000018003e8c6 f   libmx:libmx.dll
 0001:0003d8cc       mxGetFieldNameByNumber     000000018003e8cc f   libmx:libmx.dll
 0001:0003d8d2       mxGetNumberOfFields        000000018003e8d2 f   libmx:libmx.dll
 0001:0003d8d8       mxCreateStructMatrix_700   000000018003e8d8 f   libmx:libmx.dll
 0001:0003d8de       mxGetFieldNumber           000000018003e8de f   libmx:libmx.dll
 0001:0003d8e4       mxIsNaN                    000000018003e8e4 f   libmx:libmx.dll
 0001:0003d8ea       mxIsEmpty                  000000018003e8ea f   libmx:libmx.dll
 0001:0003d8f0       mxGetData                  000000018003e8f0 f   libmx:libmx.dll
 0001:0003d8f6       mxGetImagData              000000018003e8f6 f   libmx:libmx.dll
 0001:0003d8fc       mxArrayClassIDName         000000018003e8fc f   libmx:libmx.dll
 0001:0003d902       mxCreateNumericMatrix_700  000000018003e902 f   libmx:libmx.dll
 0001:0003d908       mxCreateStructArray_700    000000018003e908 f   libmx:libmx.dll
 0001:0003d90e       mxCalcSingleSubscript_700  000000018003e90e f   libmx:libmx.dll
 0001:0003d914       mxGetDimensions_700        000000018003e914 f   libmx:libmx.dll
 0001:0003d91a       mxGetNumberOfDimensions_700 000000018003e91a f   libmx:libmx.dll
 0001:0003d920       mxCreateNumericArray_700   000000018003e920 f   libmx:libmx.dll
 0001:0003d926       mxGetElementSize           000000018003e926 f   libmx:libmx.dll
 0001:0003d92c       mxCreateStringFromNChars_700 000000018003e92c f   libmx:libmx.dll
 0001:0003d932       mxGetString_700            000000018003e932 f   libmx:libmx.dll
 0001:0003d938       mxIsLogicalScalarTrue      000000018003e938 f   libmx:libmx.dll
 0001:0003d93e       mxCreateLogicalScalar      000000018003e93e f   libmx:libmx.dll
 0001:0003d944       mexUnlock                  000000018003e944 f   libmex:libmex.dll
 0001:0003d94a       mexIsLocked                000000018003e94a f   libmex:libmex.dll
 0001:0003d950       mexWarnMsgTxt              000000018003e950 f   libmex:libmex.dll
 0001:0003d956       mexCallMATLAB              000000018003e956 f   libmex:libmex.dll
 0001:0003d95c       mexErrMsgTxt               000000018003e95c f   libmex:libmex.dll
 0001:0003d962       mexMakeArrayPersistent     000000018003e962 f   libmex:libmex.dll
 0001:0003d968       mexSetTrapFlag             000000018003e968 f   libmex:libmex.dll
 0001:0003d96e       mexPutVariable             000000018003e96e f   libmex:libmex.dll
 0001:0003d974       mexGetVariable             000000018003e974 f   libmex:libmex.dll
 0001:0003d97a       mexLock                    000000018003e97a f   libmex:libmex.dll
 0001:0003d980       mexMakeMemoryPersistent    000000018003e980 f   libmex:libmex.dll
 0001:0003d986       mexFunctionName            000000018003e986 f   libmex:libmex.dll
 0001:0003d98c       ssRegisterDataTypeFxpFSlopeFixExpBias 000000018003e98c f   libfixedpoint:libfixedpoint.dll
 0001:0003d992       utVSNprintf                000000018003e992 f   libut:libut.dll
 0001:0003d998       utCPUtime                  000000018003e998 f   libut:libut.dll
 0001:0003d99e       utFree                     000000018003e99e f   libut:libut.dll
 0001:0003d9a4       utMalloc                   000000018003e9a4 f   libut:libut.dll
 0001:0003d9aa       muDoubleScalarSqrt         000000018003e9aa f   libmwmathutil:libmwmathutil.dll
 0001:0003d9b0       emlrtCheckBuiltInCtxR2011a 000000018003e9b0 f   libemlrt:libemlrt.dll
 0001:0003d9b6       emlrtCheckVsBuiltInCtxR2011a 000000018003e9b6 f   libemlrt:libemlrt.dll
 0001:0003d9bc       emlrtCheckEnumR2009a       000000018003e9bc f   libemlrt:libemlrt.dll
 0001:0003d9c2       emlrtCreateEnumR2010a      000000018003e9c2 f   libemlrt:libemlrt.dll
 0001:0003d9c8       emlrtGetEnumElementR2009a  000000018003e9c8 f   libemlrt:libemlrt.dll
 0001:0003d9ce       emlrtCreateReference       000000018003e9ce f   libemlrt:libemlrt.dll
 0001:0003d9d4       emlrtImportVsFiArrayR2009b 000000018003e9d4 f   libemlrt:libemlrt.dll
 0001:0003d9da       emlrtNameCapturePostProcessR2012a 000000018003e9da f   libemlrt:libemlrt.dll
 0001:0003d9e0       emlrtExtractMessageId      000000018003e9e0 f   libemlrt:libemlrt.dll
 0001:0003d9e6       emlrtTranslateMessageIDtoLCPstring 000000018003e9e6 f   libemlrt:libemlrt.dll
 0001:0003d9ec       emlrtForLoopVectorIsValidR2011b 000000018003e9ec f   libemlrt:libemlrt.dll
 0001:0003d9f2       emlrtTranslateUTF16MessagetoLCPstring 000000018003e9f2 f   libemlrt:libemlrt.dll
 0001:0003d9f8       emlrtGetEnumUnderlyingArrayR2009a 000000018003e9f8 f   libemlrt:libemlrt.dll
 0001:0003d9fe       emlrtIsEnumR2009a          000000018003e9fe f   libemlrt:libemlrt.dll
 0001:0003da04       memset                     000000018003ea04 f   MSVCRT:MSVCR100.dll
 0001:0003da0a       malloc                     000000018003ea0a f   MSVCRT:MSVCR100.dll
 0001:0003da10       __GSHandlerCheckCommon     000000018003ea10 f   MSVCRT:gshandler.obj
 0001:0003da74       __GSHandlerCheck           000000018003ea74 f   MSVCRT:gshandler.obj
 0001:0003dab0       __security_check_cookie    000000018003eab0 f   MSVCRT:amdsecgs.obj
 0001:0003dad0       free                       000000018003ead0 f   MSVCRT:MSVCR100.dll
 0001:0003dad6       strlen                     000000018003ead6 f   MSVCRT:MSVCR100.dll
 0001:0003dadc       strcmp                     000000018003eadc f   MSVCRT:MSVCR100.dll
 0001:0003dae2       sprintf                    000000018003eae2 f   MSVCRT:MSVCR100.dll
 0001:0003dae8       strcat                     000000018003eae8 f   MSVCRT:MSVCR100.dll
 0001:0003daee       memcpy                     000000018003eaee f   MSVCRT:MSVCR100.dll
 0001:0003daf4       NtCurrentTeb               000000018003eaf4 f i MSVCRT:crtdll.obj
 0001:0003db60       _CRT_INIT                  000000018003eb60 f   MSVCRT:crtdll.obj
 0001:0003def8       _DllMainCRTStartup         000000018003eef8 f   MSVCRT:crtdll.obj
 0001:0003df36       strncpy                    000000018003ef36 f   MSVCRT:MSVCR100.dll
 0001:0003df50       _alloca_probe              000000018003ef50     MSVCRT:chkstk.obj
 0001:0003df50       __chkstk                   000000018003ef50 f   MSVCRT:chkstk.obj
 0001:0003df9e       longjmp                    000000018003ef9e f   MSVCRT:MSVCR100.dll
 0001:0003dfa4       strncmp                    000000018003efa4 f   MSVCRT:MSVCR100.dll
 0001:0003dfaa       ceil                       000000018003efaa f   MSVCRT:MSVCR100.dll
 0001:0003dfb0       strrchr                    000000018003efb0 f   MSVCRT:MSVCR100.dll
 0001:0003dfb6       _setjmp                    000000018003efb6 f   MSVCRT:MSVCR100.dll
 0001:0003dfbc       calloc                     000000018003efbc f   MSVCRT:MSVCR100.dll
 0001:0003dfc2       realloc                    000000018003efc2 f   MSVCRT:MSVCR100.dll
 0001:0003dfc8       ldexp                      000000018003efc8 f   MSVCRT:MSVCR100.dll
 0001:0003dfd0       __report_gsfailure         000000018003efd0 f   MSVCRT:gs_report.obj
 0001:0003e11c       __clean_type_info_names    000000018003f11c f   MSVCRT:tncleanup.obj
 0001:0003e128       _onexit                    000000018003f128 f   MSVCRT:atonexit.obj
 0001:0003e1d8       atexit                     000000018003f1d8 f   MSVCRT:atonexit.obj
 0001:0003e1f0       _RTC_Initialize            000000018003f1f0 f   MSVCRT:_initsect_.obj
 0001:0003e228       _RTC_Terminate             000000018003f228 f   MSVCRT:_initsect_.obj
 0001:0003e260       _malloc_crt                000000018003f260 f   MSVCRT:MSVCR100.dll
 0001:0003e270       _ValidateImageBase         000000018003f270 f   MSVCRT:pesect.obj
 0001:0003e2a0       _FindPESection             000000018003f2a0 f   MSVCRT:pesect.obj
 0001:0003e2f0       _IsNonwritableInCurrentImage 000000018003f2f0 f   MSVCRT:pesect.obj
 0001:0003e332       _initterm                  000000018003f332 f   MSVCRT:MSVCR100.dll
 0001:0003e338       _initterm_e                000000018003f338 f   MSVCRT:MSVCR100.dll
 0001:0003e33e       _encoded_null              000000018003f33e f   MSVCRT:MSVCR100.dll
 0001:0003e344       _amsg_exit                 000000018003f344 f   MSVCRT:MSVCR100.dll
 0001:0003e34a       __C_specific_handler       000000018003f34a f   MSVCRT:MSVCR100.dll
 0001:0003e350       __CppXcptFilter            000000018003f350 f   MSVCRT:MSVCR100.dll
 0001:0003e358       DllMain                    000000018003f358 f   MSVCRT:dllmain.obj
 0001:0003e37c       __security_init_cookie     000000018003f37c f   MSVCRT:gs_support.obj
 0001:0003e430       __crt_debugger_hook        000000018003f430 f   MSVCRT:MSVCR100.dll
 0001:0003e436       __clean_type_info_names_internal 000000018003f436 f   MSVCRT:MSVCR100.dll
 0001:0003e43c       _unlock                    000000018003f43c f   MSVCRT:MSVCR100.dll
 0001:0003e442       __dllonexit                000000018003f442 f   MSVCRT:MSVCR100.dll
 0001:0003e448       _lock                      000000018003f448 f   MSVCRT:MSVCR100.dll
 0001:0003e44e       EncodePointer              000000018003f44e f   kernel32:KERNEL32.dll
 0001:0003e454       DecodePointer              000000018003f454 f   kernel32:KERNEL32.dll
 0001:0003e45a       Sleep                      000000018003f45a f   kernel32:KERNEL32.dll
 0001:0003e460       TerminateProcess           000000018003f460 f   kernel32:KERNEL32.dll
 0001:0003e466       GetCurrentProcess          000000018003f466 f   kernel32:KERNEL32.dll
 0001:0003e46c       UnhandledExceptionFilter   000000018003f46c f   kernel32:KERNEL32.dll
 0001:0003e472       SetUnhandledExceptionFilter 000000018003f472 f   kernel32:KERNEL32.dll
 0001:0003e478       IsDebuggerPresent          000000018003f478 f   kernel32:KERNEL32.dll
 0001:0003e47e       RtlVirtualUnwind           000000018003f47e f   kernel32:KERNEL32.dll
 0001:0003e484       RtlLookupFunctionEntry     000000018003f484 f   kernel32:KERNEL32.dll
 0001:0003e48a       RtlCaptureContext          000000018003f48a f   kernel32:KERNEL32.dll
 0001:0003e490       DisableThreadLibraryCalls  000000018003f490 f   kernel32:KERNEL32.dll
 0001:0003e496       QueryPerformanceCounter    000000018003f496 f   kernel32:KERNEL32.dll
 0001:0003e49c       GetTickCount               000000018003f49c f   kernel32:KERNEL32.dll
 0001:0003e4a2       GetCurrentThreadId         000000018003f4a2 f   kernel32:KERNEL32.dll
 0001:0003e4a8       GetCurrentProcessId        000000018003f4a8 f   kernel32:KERNEL32.dll
 0001:0003e4ae       GetSystemTimeAsFileTime    000000018003f4ae f   kernel32:KERNEL32.dll
 0002:00000000       __imp_GetSystemTimeAsFileTime 0000000180040000     kernel32:KERNEL32.dll
 0002:00000008       __imp_GetCurrentProcessId  0000000180040008     kernel32:KERNEL32.dll
 0002:00000010       __imp_GetCurrentThreadId   0000000180040010     kernel32:KERNEL32.dll
 0002:00000018       __imp_GetTickCount         0000000180040018     kernel32:KERNEL32.dll
 0002:00000020       __imp_QueryPerformanceCounter 0000000180040020     kernel32:KERNEL32.dll
 0002:00000028       __imp_DisableThreadLibraryCalls 0000000180040028     kernel32:KERNEL32.dll
 0002:00000030       __imp_RtlCaptureContext    0000000180040030     kernel32:KERNEL32.dll
 0002:00000038       __imp_RtlLookupFunctionEntry 0000000180040038     kernel32:KERNEL32.dll
 0002:00000040       __imp_RtlVirtualUnwind     0000000180040040     kernel32:KERNEL32.dll
 0002:00000048       __imp_IsDebuggerPresent    0000000180040048     kernel32:KERNEL32.dll
 0002:00000050       __imp_SetUnhandledExceptionFilter 0000000180040050     kernel32:KERNEL32.dll
 0002:00000058       __imp_UnhandledExceptionFilter 0000000180040058     kernel32:KERNEL32.dll
 0002:00000060       __imp_GetCurrentProcess    0000000180040060     kernel32:KERNEL32.dll
 0002:00000068       __imp_TerminateProcess     0000000180040068     kernel32:KERNEL32.dll
 0002:00000070       __imp_Sleep                0000000180040070     kernel32:KERNEL32.dll
 0002:00000078       __imp_DecodePointer        0000000180040078     kernel32:KERNEL32.dll
 0002:00000080       __imp_EncodePointer        0000000180040080     kernel32:KERNEL32.dll
 0002:00000088       \177KERNEL32_NULL_THUNK_DATA 0000000180040088     kernel32:KERNEL32.dll
 0002:00000090       __imp__onexit              0000000180040090     MSVCRT:MSVCR100.dll
 0002:00000098       __imp__lock                0000000180040098     MSVCRT:MSVCR100.dll
 0002:000000a0       __imp___dllonexit          00000001800400a0     MSVCRT:MSVCR100.dll
 0002:000000a8       __imp__unlock              00000001800400a8     MSVCRT:MSVCR100.dll
 0002:000000b0       __imp___clean_type_info_names_internal 00000001800400b0     MSVCRT:MSVCR100.dll
 0002:000000b8       __imp___crt_debugger_hook  00000001800400b8     MSVCRT:MSVCR100.dll
 0002:000000c0       __imp___CppXcptFilter      00000001800400c0     MSVCRT:MSVCR100.dll
 0002:000000c8       __imp___C_specific_handler 00000001800400c8     MSVCRT:MSVCR100.dll
 0002:000000d0       __imp__amsg_exit           00000001800400d0     MSVCRT:MSVCR100.dll
 0002:000000d8       __imp__encoded_null        00000001800400d8     MSVCRT:MSVCR100.dll
 0002:000000e0       __imp__initterm_e          00000001800400e0     MSVCRT:MSVCR100.dll
 0002:000000e8       __imp__initterm            00000001800400e8     MSVCRT:MSVCR100.dll
 0002:000000f0       __imp__malloc_crt          00000001800400f0     MSVCRT:MSVCR100.dll
 0002:000000f8       __imp_ldexp                00000001800400f8     MSVCRT:MSVCR100.dll
 0002:00000100       __imp_realloc              0000000180040100     MSVCRT:MSVCR100.dll
 0002:00000108       __imp_calloc               0000000180040108     MSVCRT:MSVCR100.dll
 0002:00000110       __imp__setjmp              0000000180040110     MSVCRT:MSVCR100.dll
 0002:00000118       __imp_strrchr              0000000180040118     MSVCRT:MSVCR100.dll
 0002:00000120       __imp_ceil                 0000000180040120     MSVCRT:MSVCR100.dll
 0002:00000128       __imp_strncmp              0000000180040128     MSVCRT:MSVCR100.dll
 0002:00000130       __imp_longjmp              0000000180040130     MSVCRT:MSVCR100.dll
 0002:00000138       __imp_strncpy              0000000180040138     MSVCRT:MSVCR100.dll
 0002:00000140       __imp_memcpy               0000000180040140     MSVCRT:MSVCR100.dll
 0002:00000148       __imp_strcat               0000000180040148     MSVCRT:MSVCR100.dll
 0002:00000150       __imp_sprintf              0000000180040150     MSVCRT:MSVCR100.dll
 0002:00000158       __imp_strcmp               0000000180040158     MSVCRT:MSVCR100.dll
 0002:00000160       __imp_strlen               0000000180040160     MSVCRT:MSVCR100.dll
 0002:00000168       __imp_free                 0000000180040168     MSVCRT:MSVCR100.dll
 0002:00000170       __imp_malloc               0000000180040170     MSVCRT:MSVCR100.dll
 0002:00000178       __imp_memset               0000000180040178     MSVCRT:MSVCR100.dll
 0002:00000180       \177MSVCR100_NULL_THUNK_DATA 0000000180040180     MSVCRT:MSVCR100.dll
 0002:00000188       __imp_emlrtIsEnumR2009a    0000000180040188     libemlrt:libemlrt.dll
 0002:00000190       __imp_emlrtGetEnumUnderlyingArrayR2009a 0000000180040190     libemlrt:libemlrt.dll
 0002:00000198       __imp_emlrtTranslateUTF16MessagetoLCPstring 0000000180040198     libemlrt:libemlrt.dll
 0002:000001a0       __imp_emlrtForLoopVectorIsValidR2011b 00000001800401a0     libemlrt:libemlrt.dll
 0002:000001a8       __imp_emlrtTranslateMessageIDtoLCPstring 00000001800401a8     libemlrt:libemlrt.dll
 0002:000001b0       __imp_emlrtExtractMessageId 00000001800401b0     libemlrt:libemlrt.dll
 0002:000001b8       __imp_emlrtNameCapturePostProcessR2012a 00000001800401b8     libemlrt:libemlrt.dll
 0002:000001c0       __imp_emlrtImportVsFiArrayR2009b 00000001800401c0     libemlrt:libemlrt.dll
 0002:000001c8       __imp_emlrtCreateReference 00000001800401c8     libemlrt:libemlrt.dll
 0002:000001d0       __imp_emlrtGetEnumElementR2009a 00000001800401d0     libemlrt:libemlrt.dll
 0002:000001d8       __imp_emlrtCreateEnumR2010a 00000001800401d8     libemlrt:libemlrt.dll
 0002:000001e0       __imp_emlrtCheckEnumR2009a 00000001800401e0     libemlrt:libemlrt.dll
 0002:000001e8       __imp_emlrtCheckVsBuiltInCtxR2011a 00000001800401e8     libemlrt:libemlrt.dll
 0002:000001f0       __imp_emlrtCheckBuiltInCtxR2011a 00000001800401f0     libemlrt:libemlrt.dll
 0002:000001f8       \177libemlrt_NULL_THUNK_DATA 00000001800401f8     libemlrt:libemlrt.dll
 0002:00000200       __imp_ssRegisterDataTypeFxpFSlopeFixExpBias 0000000180040200     libfixedpoint:libfixedpoint.dll
 0002:00000208       \177libfixedpoint_NULL_THUNK_DATA 0000000180040208     libfixedpoint:libfixedpoint.dll
 0002:00000210       __imp_mexLock              0000000180040210     libmex:libmex.dll
 0002:00000218       __imp_mexMakeMemoryPersistent 0000000180040218     libmex:libmex.dll
 0002:00000220       __imp_mexFunctionName      0000000180040220     libmex:libmex.dll
 0002:00000228       __imp_mexGetVariable       0000000180040228     libmex:libmex.dll
 0002:00000230       __imp_mexPutVariable       0000000180040230     libmex:libmex.dll
 0002:00000238       __imp_mexIsLocked          0000000180040238     libmex:libmex.dll
 0002:00000240       __imp_mexWarnMsgTxt        0000000180040240     libmex:libmex.dll
 0002:00000248       __imp_mexCallMATLAB        0000000180040248     libmex:libmex.dll
 0002:00000250       __imp_mexErrMsgTxt         0000000180040250     libmex:libmex.dll
 0002:00000258       __imp_mexUnlock            0000000180040258     libmex:libmex.dll
 0002:00000260       __imp_mexMakeArrayPersistent 0000000180040260     libmex:libmex.dll
 0002:00000268       __imp_mexSetTrapFlag       0000000180040268     libmex:libmex.dll
 0002:00000270       \177libmex_NULL_THUNK_DATA 0000000180040270     libmex:libmex.dll
 0002:00000278       __imp_muDoubleScalarSqrt   0000000180040278     libmwmathutil:libmwmathutil.dll
 0002:00000280       \177libmwmathutil_NULL_THUNK_DATA 0000000180040280     libmwmathutil:libmwmathutil.dll
 0002:00000288       __imp_mxSetField_730       0000000180040288     libmx:libmx.dll
 0002:00000290       __imp_mxCreateDoubleMatrix_730 0000000180040290     libmx:libmx.dll
 0002:00000298       __imp_mxCreateDoubleScalar 0000000180040298     libmx:libmx.dll
[...]
 0001:00015b70       sf_numeric_value_to_double 0000000180016b70 f   sfc_mex:sfc_mex.obj
 0001:00015bc0       ml_generic_out_of_bounds_check 0000000180016bc0 f   sfc_mex:sfc_mex.obj
 0001:00015d90       ml_get_element_value_from_array 0000000180016d90 f   sfc_mex:sfc_mex.obj
 0001:00016130       _ml_generic_castability_check 0000000180017130 f   sfc_mex:sfc_mex.obj
 0001:00016e90       ml_generic_castability_check 0000000180017e90 f   sfc_mex:sfc_mex.obj
 0001:00016f30       ml_check_mx_array_for_single_castability 0000000180017f30 f   sfc_mex:sfc_mex.obj
 0001:00016fd0       ml_check_mx_array_for_logical_castability 0000000180017fd0 f   sfc_mex:sfc_mex.obj
 0001:00017070       ml_check_mx_array_for_int8_castability 0000000180018070 f   sfc_mex:sfc_mex.obj
 0001:00017120       ml_check_mx_array_for_uint8_castability 0000000180018120 f   sfc_mex:sfc_mex.obj
 0001:00017180       ml_check_mx_array_for_int16_castability 0000000180018180 f   sfc_mex:sfc_mex.obj
 0001:000171e0       ml_check_mx_array_for_uint16_castability 00000001800181e0 f   sfc_mex:sfc_mex.obj
 0001:00017240       ml_check_mx_array_for_int32_castability 0000000180018240 f   sfc_mex:sfc_mex.obj
 0001:000172a0       ml_check_mx_array_for_uint32_castability 00000001800182a0 f   sfc_mex:sfc_mex.obj
 0001:00017300       ml_check_mx_array_for_castability 0000000180018300 f   sfc_mex:sfc_mex.obj
 0001:00017c30       set_data_value             0000000180018c30 f   sfc_mex:sfc_mex.obj
 0001:00017fa0       get_data_value             0000000180018fa0 f   sfc_mex:sfc_mex.obj
 0001:000180b0       get_next_element_address   00000001800190b0 f   sfc_mex:sfc_mex.obj
 0001:00018180       sf_normalize_index         0000000180019180 f   sfc_mex:sfc_mex.obj
 0001:00018510       ml_array_index_bound_check 0000000180019510 f   sfc_mex:sfc_mex.obj
 0001:00019030       mx_value                   000000018001a030 f   sfc_mex:sfc_mex.obj
 0001:00019080       sf_create_numeric_array    000000018001a080 f   sfc_mex:sfc_mex.obj
 0001:00019120       sf_mex_assign_to_mx_array  000000018001a120 f   sfc_mex:sfc_mex.obj
 0001:00019470       assign_from_mx_array       000000018001a470 f   sfc_mex:sfc_mex.obj
 0001:00019ca0       sf_mex_import_v            000000018001aca0 f   sfc_mex:sfc_mex.obj
 0001:0001a3a0       get_machine_and_chart_file_number 000000018001b3a0 f   sfc_mex:sfc_sf.obj
 0001:0001a490       get_sfun_block_specialization 000000018001b490 f   sfc_mex:sfc_sf.obj
 0001:0001a540       call_sf_machine_global_method_dispatcher 000000018001b540 f   sfc_mex:sfc_sf.obj
 0001:0001a790       mdl_zeroCrossings_processing 000000018001b790 f   sfc_mex:sfc_sf.obj
 0001:0001a860       mdl_derivatives_processing 000000018001b860 f   sfc_mex:sfc_sf.obj
 0001:0001ab20       mdl_outputs_continuous_legacy 000000018001bb20 f   sfc_mex:sfc_sf.obj
 0001:0001aba0       mdl_outputs_processing     000000018001bba0 f   sfc_mex:sfc_sf.obj
 0001:0001add0       mdl_enable_processing      000000018001bdd0 f   sfc_mex:sfc_sf.obj
 0001:0001aea0       mdl_disable_processing     000000018001bea0 f   sfc_mex:sfc_sf.obj
 0001:0001bc10       sf_call_output_fcn_enable_disable 000000018001cc10 f   sfc_mex:sfc_sf.obj
 0001:0001be90       set_dwork_information_from_mx_array 000000018001ce90 f   sfc_mex:sfc_sf.obj
 0001:0001c750       ptr2mxStruct               000000018001d750 f   sfc_mex:sfc_sf.obj
 0001:0001ca60       SNPRINTF_WRAPPER           000000018001da60 f   sfc_debug:sfcdebug.obj
 0001:0001ca80       sf_debug_chart_instance_initialized_quick 000000018001da80 f   sfc_debug:sfcdebug.obj
 0001:0001ca90       sf_debug_chart_instance_initialized 000000018001da90 f   sfc_debug:sfcdebug.obj
 0001:0001cc30       sfrtAddSize                000000018001dc30 f   sfc_debug:sfcdebug.obj
 0001:0001ccf0       sfrtGenSizeString          000000018001dcf0 f   sfc_debug:sfcdebug.obj
 0001:0001d400       fill_single_message_info   000000018001e400 f   sfc_debug:sfcdebug.obj
 0001:0001d5c0       sf_debug_sim_status_listener 000000018001e5c0 f   sfc_debug:sfcdebug.obj
 0001:0001db30       sf_debug_form_mask_bits    000000018001eb30 f   sfc_debug:sfcdebug.obj
 0001:0001db70       sf_debug_form_sf_data_type_offsets 000000018001eb70 f   sfc_debug:sfcdebug.obj
 0001:0001dc30       sf_debug_free_all          000000018001ec30 f   sfc_debug:sfcdebug.obj
 0001:0001dde0       sf_debug_append_debugger_context 000000018001ede0 f   sfc_debug:sfcdebug.obj
 0001:0001e0a0       local_strdup               000000018001f0a0 f   sfc_debug:sfcdebug.obj
 0001:0001ef80       sf_debug_em_terminate      000000018001ff80 f   sfc_debug:sfcdebug.obj
 0001:0001efc0       sf_debug_push_eml_function 000000018001ffc0 f   sfc_debug:sfcdebug.obj
 0001:0001f060       sf_debug_pop_eml_function  0000000180020060 f   sfc_debug:sfcdebug.obj
 0001:0001fd60       sf_debug_get_machine_number_from_id_or_name 0000000180020d60 f   sfc_debug:sfcdebug.obj
 0001:0001feb0       sf_debug_get_chart_number_from_id 0000000180020eb0 f   sfc_debug:sfcdebug.obj
 0001:00020b20       sf_debug_transfer_control_to_debugger_GUI 0000000180021b20 f   sfc_debug:sfcdebug.obj
 0001:00021ab0       sf_debug_scripts_rehash    0000000180022ab0 f   sfc_debug:sfcdebug.obj
 0001:00021cf0       sf_debug_get_script_line_count 0000000180022cf0 f   sfc_debug:sfcdebug.obj
 0001:00022620       cv_eml_state_cvId          0000000180023620 f   sfc_debug:sfcdebug.obj
 0001:00022690       cv_eml_trans_cvId          0000000180023690 f   sfc_debug:sfcdebug.obj
 0001:00023950       sf_debug_data_array_bounds_error 0000000180024950 f   sfc_debug:sfcdebug.obj
 0001:00023d80       eml_debug_runtime_error_doclink 0000000180024d80 f   sfc_debug:sfcdebug.obj
 0001:00023f00       sf_debug_runtime_error     0000000180024f00 f   sfc_debug:sfcdebug.obj
 0001:00023f70       sf_debug_matlab_error      0000000180024f70 f   sfc_debug:sfcdebug.obj
 0001:000248a0       sf_debug_data_value_error  00000001800258a0 f   sfc_debug:sfcdebug.obj
 0001:000251a0       sf_debug_data_loss_error   00000001800261a0 f   sfc_debug:sfcdebug.obj
 0001:000260c0       call_cv_range_check        00000001800270c0 f   sfc_debug:sfcdebug.obj
 0001:00026890       sf_debug_invoke_cycle_detection_code 0000000180027890 f   sfc_debug:sfcdebug.obj
 0001:00027970       sf_reset_debug_info_struct 0000000180028970 f   sfc_debug:sfcdebug.obj
 0001:00028260       cv_script_cvId             0000000180029260 f   sfc_debug:sfcdebug.obj
 0001:00028fb0       sfc_api_chart_visible      0000000180029fb0 f   sfc_debug:sfc_api.obj
 0001:00029030       sfc_api_active_instance    000000018002a030 f   sfc_debug:sfc_api.obj
 0001:000290b0       sfc_api_machine_load       000000018002a0b0 f   sfc_debug:sfc_api.obj
 0001:00029180       sfc_api_debugger_alive     000000018002a180 f   sfc_debug:sfc_api.obj
 0001:00029190       sfc_api_go                 000000018002a190 f   sfc_debug:sfc_api.obj
 0001:000291a0       sfc_api_step_over          000000018002a1a0 f   sfc_debug:sfc_api.obj
 0001:000291b0       sfc_api_step_out           000000018002a1b0 f   sfc_debug:sfc_api.obj
 0001:000291c0       sfc_api_resume             000000018002a1c0 f   sfc_debug:sfc_api.obj
 0001:000291d0       sfc_api_break              000000018002a1d0 f   sfc_debug:sfc_api.obj
 0001:000291e0       sfc_api_stop_debugging     000000018002a1e0 f   sfc_debug:sfc_api.obj
 0001:00029230       sfc_api_is_cycle_detected  000000018002a230 f   sfc_debug:sfc_api.obj
 0001:00029280       sfc_api_is_array_bounds_detected 000000018002a280 f   sfc_debug:sfc_api.obj
 0001:000292d0       sfc_api_set_disable_all_breakpoints 000000018002a2d0 f   sfc_debug:sfc_api.obj
 0001:00029340       sfc_api_disable_all_breakpoints_and_go 000000018002a340 f   sfc_debug:sfc_api.obj
 0001:00029350       sfc_api_close              000000018002a350 f   sfc_debug:sfc_api.obj
 0001:00029360       sfc_api_browse_data        000000018002a360 f   sfc_debug:sfc_api.obj
 0001:000293d0       sfc_api_watch_data         000000018002a3d0 f   sfc_debug:sfc_api.obj
 0001:00029470       sfc_api_extract_message_post_receive_info 000000018002a470 f   sfc_debug:sfc_api.obj
 0001:00029490       sfc_api_assign_data        000000018002a490 f   sfc_debug:sfc_api.obj
 0001:00029530       sfc_api_whos               000000018002a530 f   sfc_debug:sfc_api.obj
 0001:000295c0       sfc_api_get_consistency_info 000000018002a5c0 f   sfc_debug:sfc_api.obj
 0001:000295d0       sfc_api_browse_trace       000000018002a5d0 f   sfc_debug:sfc_api.obj
 0001:000295e0       sfc_api_break_on_chart_entry 000000018002a5e0 f   sfc_debug:sfc_api.obj
 0001:00029600       sfc_api_break_on_event_broadcast 000000018002a600 f   sfc_debug:sfc_api.obj
 0001:00029620       sfc_api_break_on_state_entry 000000018002a620 f   sfc_debug:sfc_api.obj
 0001:00029640       sfc_api_set_watch          000000018002a640 f   sfc_debug:sfc_api.obj
 0001:000296e0       sfc_api_set_breakpoints    000000018002a6e0 f   sfc_debug:sfc_api.obj
 0001:00029780       sfc_api_set_eml_breakpoints 000000018002a780 f   sfc_debug:sfc_api.obj
 0001:00029800       sfc_api_set_script_breakpoints 000000018002a800 f   sfc_debug:sfc_api.obj
 0001:00029850       sfc_api_add_script_breakpoints 000000018002a850 f   sfc_debug:sfc_api.obj
 0001:000298a0       sfc_api_clear_script_breakpoints 000000018002a8a0 f   sfc_debug:sfc_api.obj
 0001:000298f0       sfc_api_query_script_breakpoints 000000018002a8f0 f   sfc_debug:sfc_api.obj
 0001:00029950       sfc_api_get_script_id      000000018002a950 f   sfc_debug:sfc_api.obj
 0001:00029a10       sfc_api_get_active_states  000000018002aa10 f   sfc_debug:sfc_api.obj
 0001:00029a90       sfc_api_break_between_times 000000018002aa90 f   sfc_debug:sfc_api.obj
 0001:00029af0       sfc_api_get_instance_handle 000000018002aaf0 f   sfc_debug:sfc_api.obj
 0001:00029ba0       sfc_api_set_animation      000000018002aba0 f   sfc_debug:sfc_api.obj
 0001:00029bf0       sfc_api_select_chart       000000018002abf0 f   sfc_debug:sfc_api.obj
 0001:00029c50       sfc_api_select_charts      000000018002ac50 f   sfc_debug:sfc_api.obj
 0001:00029c80       sfc_api_cycle_detection_check 000000018002ac80 f   sfc_debug:sfc_api.obj
 0001:00029cd0       sfc_api_data_range_check   000000018002acd0 f   sfc_debug:sfc_api.obj
 0001:00029d20       sfc_api_transition_conflict_check 000000018002ad20 f   sfc_debug:sfc_api.obj
 0001:00029d70       sfc_api_state_consistency_check 000000018002ad70 f   sfc_debug:sfc_api.obj
 0001:00029dc0       sfc_api_set_instance_cv_ids 000000018002adc0 f   sfc_debug:sfc_api.obj
 0001:00029ed0       sfc_api_set_script_cv_ids  000000018002aed0 f   sfc_debug:sfc_api.obj
 0001:00029f80       sfc_api_get_current_machine_id 000000018002af80 f   sfc_debug:sfc_api.obj
 0001:00029fb0       sfc_api_get_current_machine_number 000000018002afb0 f   sfc_debug:sfc_api.obj
 0001:00029fe0       sfc_api_get_current_chart_number 000000018002afe0 f   sfc_debug:sfc_api.obj
 0001:0002a010       sfc_api_get_current_instance_number 000000018002b010 f   sfc_debug:sfc_api.obj
 0001:0002a040       sfc_api_get_current_instance_handle 000000018002b040 f   sfc_debug:sfc_api.obj
 0001:0002a060       sfc_api_get_current_is_minor_time_step 000000018002b060 f   sfc_debug:sfc_api.obj
 0001:0002a090       sfc_api_get_current_machine_name 000000018002b090 f   sfc_debug:sfc_api.obj
 0001:0002a0b0       sfc_api_get_current_chart_id 000000018002b0b0 f   sfc_debug:sfc_api.obj
 0001:0002a0e0       sfc_api_get_current_object_type 000000018002b0e0 f   sfc_debug:sfc_api.obj
 0001:0002a110       sfc_api_get_current_event_type 000000018002b110 f   sfc_debug:sfc_api.obj
 0001:0002a140       sfc_api_get_current_object_id 000000018002b140 f   sfc_debug:sfc_api.obj
 0001:0002a170       sfc_get_current_active_event_type 000000018002b170 f   sfc_debug:sfc_api.obj
 0001:0002a1a0       sfc_api_get_current_active_event_id 000000018002b1a0 f   sfc_debug:sfc_api.obj
 0001:0002a1d0       sfc_api_get_current_simulation_time 000000018002b1d0 f   sfc_debug:sfc_api.obj
 0001:0002a1f0       sfc_get_current_tag_type   000000018002b1f0 f   sfc_debug:sfc_api.obj
 0001:0002a220       sfc_get_current_coverage_percentage 000000018002b220 f   sfc_debug:sfc_api.obj
 0001:0002a240       sfc_get_current_statement_context 000000018002b240 f   sfc_debug:sfc_api.obj
 0001:0002a260       sfc_get_current_optional_integer 000000018002b260 f   sfc_debug:sfc_api.obj
 0001:0002a290       sfc_get_current_statement_info 000000018002b290 f   sfc_debug:sfc_api.obj
 0001:0002a330       sfc_api_get                000000018002b330 f   sfc_debug:sfc_api.obj
 0001:0002a490       sf_debug_sm_is_using_unified_editors 000000018002b490 f   sfc_debug:sfdb_animation.obj
 0001:0002a530       sf_debug_sm_is_chart_visible_in_unified_editors 000000018002b530 f   sfc_debug:sfdb_animation.obj
 0001:0002a5f0       sf_debug_sm_check_if_chart_is_visible 000000018002b5f0 f   sfc_debug:sfdb_animation.obj
 0001:0002b0f0       sf_debug_sm_fill_state_activity_data 000000018002c0f0 f   sfc_debug:sfdb_animation.obj
 0001:0002d920       void_ptr_stack_vector_free_total 000000018002e920 f   sfc_debug:sfdb_data_browse.obj
 0001:0002d9b0       sf_debug_st_terminate_machine 000000018002e9b0 f   sfc_debug:sfdb_data_browse.obj
 0001:0002d9f0       sf_debug_st_terminate_instance 000000018002e9f0 f   sfc_debug:sfdb_data_browse.obj
 0001:0002dda0       push_on_to_void_ptr_stack  000000018002eda0 f   sfc_debug:sfdb_data_browse.obj
 0001:0002df30       pop_from_void_ptr_stack    000000018002ef30 f   sfc_debug:sfdb_data_browse.obj
 0001:0002e060       sf_debug_st_get_data_value 000000018002f060 f   sfc_debug:sfdb_data_browse.obj
 0001:0002e5f0       mx_value                   000000018002f5f0 f   sfc_debug:sfdb_data_browse.obj
 0001:0002e630       sf_debug_st_fill_data_struct 000000018002f630 f   sfc_debug:sfdb_data_browse.obj
 0001:0002e970       data_type_format_strings   000000018002f970 f   sfc_debug:sfdb_data_browse.obj
 0001:0002ea20       sf_debug_st_fill_data      000000018002fa20 f   sfc_debug:sfdb_data_browse.obj
 0001:0002f770       sf_debug_hm_get_simulink_handle 0000000180030770 f   sfc_debug:sfdb_handle_management.obj
 0001:000302c0       sf_debug_hm_initialize_globals 00000001800312c0 f   sfc_debug:sfdb_handle_management.obj
 0001:000303c0       sf_debug_hm_get_machine_debug_flag 00000001800313c0 f   sfc_debug:sfdb_handle_management.obj
 0001:00030530       sf_debug_hm_get_machine_id 0000000180031530 f   sfc_debug:sfdb_handle_management.obj
 0001:00030650       sf_debug_hm_get_chart_id   0000000180031650 f   sfc_debug:sfdb_handle_management.obj
 0001:000307f0       sf_debug_hm_register_executing_SFunction 00000001800317f0 f   sfc_debug:sfdb_handle_management.obj
 0001:00030990       sf_debug_hm_get_chart_active_instance 0000000180031990 f   sfc_debug:sfdb_handle_management.obj
 0001:00030b00       sf_debug_hm_get_chart_visibility 0000000180031b00 f   sfc_debug:sfdb_handle_management.obj
 0001:00030c50       sf_debug_hm_form_object_boolean_properties 0000000180031c50 f   sfc_debug:sfdb_handle_management.obj
 0001:00030f20       sf_debug_hm_form_object_properties 0000000180031f20 f   sfc_debug:sfdb_handle_management.obj
 0001:00031160       sf_debug_hm_terminate_charts 0000000180032160 f   sfc_debug:sfdb_handle_management.obj
 0001:000318d0       sf_debug_hm_terminate_machines 00000001800328d0 f   sfc_debug:sfdb_handle_management.obj
 0001:00033520       sf_debug_ss_copy_dimension 0000000180034520 f   sfc_debug:sfdb_symbol_scope.obj
 0001:000335e0       sf_debug_ss_get_number_elements 00000001800345e0 f   sfc_debug:sfdb_symbol_scope.obj
 0001:00033600       sf_debug_ss_fill_data_struct 0000000180034600 f   sfc_debug:sfdb_symbol_scope.obj
 0001:00033950       sf_debug_ss_reset_data_info 0000000180034950 f   sfc_debug:sfdb_symbol_scope.obj
 0001:000339b0       sf_debug_fill_data_info_by_symbol_scope_entry 00000001800349b0 f   sfc_debug:sfdb_symbol_scope.obj
 0001:00033a70       sf_debug_fill_data_info_by_data_vector 0000000180034a70 f   sfc_debug:sfdb_symbol_scope.obj
 0001:00033cc0       sf_debug_ss_get_data_info  0000000180034cc0 f   sfc_debug:sfdb_symbol_scope.obj
 0001:00033fb0       sf_debug_select_mex_function 0000000180034fb0 f   sfc_debug:sfdb_symbol_scope.obj
 0001:00033fe0       sf_debug_is_dyn_matrix_initialized 0000000180034fe0 f   sfc_debug:sfdb_symbol_scope.obj
 0001:00034000       sf_debug_ss_set_data_value_try 0000000180035000 f   sfc_debug:sfdb_symbol_scope.obj
 0001:000341d0       sf_debug_ss_get_data_value 00000001800351d0 f   sfc_debug:sfdb_symbol_scope.obj
 0001:00034720       sf_debug_ss_data_bytes_string 0000000180035720 f   sfc_debug:sfdb_symbol_scope.obj
 0001:000347d0       sf_debug_ss_data_class_string 00000001800357d0 f   sfc_debug:sfdb_symbol_scope.obj
 0001:00034b60       sf_debug_ss_data_size_string 0000000180035b60 f   sfc_debug:sfdb_symbol_scope.obj
 0001:00034c40       sf_debug_ss_data_create_data_info_struct 0000000180035c40 f   sfc_debug:sfdb_symbol_scope.obj
 0001:00034f10       sf_debug_ss_data_create_name_value_pair 0000000180035f10 f   sfc_debug:sfdb_symbol_scope.obj
 0001:00034fb0       sf_debug_ss_data_get_whos_info 0000000180035fb0 f   sfc_debug:sfdb_symbol_scope.obj
 0001:00034fc0       same_named_data_in_data_array 0000000180035fc0 f   sfc_debug:sfdb_symbol_scope.obj
 0001:00036830       sf_debug_cc_terminate_chart 0000000180037830 f   sfc_debug:sfdb_coverage.obj
 0001:00036bd0       sf_debug_cc_terminate_instance 0000000180037bd0 f   sfc_debug:sfdb_coverage.obj
 0001:000377c0       sf_debug_cc_mark_object_if_needed 00000001800387c0 f   sfc_debug:sfdb_coverage.obj
 0001:000380c0       sf_debug_bm_initialize_eml 00000001800390c0 f   sfc_debug:sfdb_breakpoints.obj
 0001:00039230       sf_debug_bm_map_debug_tag_to_breakpoint_tag 000000018003a230 f   sfc_debug:sfdb_breakpoints.obj
 0001:00039310       sf_debug_bm_is_a_eml_breakpoint_impl 000000018003a310 f   sfc_debug:sfdb_breakpoints.obj
 0001:0003ad90       sf_debug_sc_push_on_error_stack 000000018003bd90 f   sfc_debug:sfdb_state_consistency.obj
 0001:0003aec0       sf_debug_sc_reset_error_stack 000000018003bec0 f   sfc_debug:sfdb_state_consistency.obj
 0001:0003b050       sf_debug_sc_is_state_inconsistent 000000018003c050 f   sfc_debug:sfdb_state_consistency.obj
 0001:0003b350       sf_debug_sc_fill_consistency_info 000000018003c350 f   sfc_debug:sfdb_state_consistency.obj
 0001:0003b930       void_assertion_fcn         000000018003c930 f   sfc_debug:sfdb_call_stack.obj
 0001:0003beb0       sf_debug_tm_fill_local_trace 000000018003ceb0 f   sfc_debug:sfdb_call_stack.obj
 0001:0003c480       sf_debug_cd_terminate_instance 000000018003d480 f   sfc_debug:sfdb_cycle_detection.obj
 0001:0003c4e0       sf_debug_cd_free_checksum_stack 000000018003d4e0 f   sfc_debug:sfdb_cycle_detection.obj
 0001:0003c530       sf_debug_cd_reset_pack_strings 000000018003d530 f   sfc_debug:sfdb_cycle_detection.obj
 0001:0003cbf0       md5file_clear              000000018003dbf0 f   sfc_debug:ckmd5.obj
 0001:0003cc20       Encode                     000000018003dc20 f   sfc_debug:ckmd5.obj
 0001:0003cc70       Decode                     000000018003dc70 f   sfc_debug:ckmd5.obj
 0001:0003cd10       MD5Transform               000000018003dd10 f   sfc_debug:ckmd5.obj
 0001:0003d560       md5file_addn               000000018003e560 f   sfc_debug:ckmd5.obj
 0001:0003d630       md5file_hash               000000018003e630 f   sfc_debug:ckmd5.obj
 0001:0003db00       pre_c_init                 000000018003eb00 f   MSVCRT:crtdll.obj
 0001:0003ddbc       __DllMainCRTStartup        000000018003edbc f   MSVCRT:crtdll.obj
 0001:0003e4c0       __DllMainCRTStartup$filt$0 000000018003f4c0 f   MSVCRT:crtdll.obj
 0001:0003e4f0       __DllMainCRTStartup$fin$1  000000018003f4f0 f   MSVCRT:crtdll.obj
 0001:0003e50a       _onexit$fin$0              000000018003f50a f   MSVCRT:atonexit.obj
 0001:0003e530       _IsNonwritableInCurrentImage$filt$0 000000018003f530 f   MSVCRT:pesect.obj
